Archive member included to satisfy reference by file (symbol)

/usr/lib/gcc/arm-none-eabi/12.2.1/thumb/v6-m/nofp/libgcc.a(_dvmd_tls.o)
                              CMakeFiles/robot.dir/home/parker/.pico-sdk/src/rp2_common/pico_divider/divider_hardware.S.obj (__aeabi_idiv0)
/usr/lib/gcc/arm-none-eabi/12.2.1/../../../arm-none-eabi/lib/thumb/v6-m/nofp/libg.a(lib_a-atexit.o)
                              /usr/lib/gcc/arm-none-eabi/12.2.1/../../../arm-none-eabi/lib/thumb/v6-m/nofp/crt0.o (atexit)
/usr/lib/gcc/arm-none-eabi/12.2.1/../../../arm-none-eabi/lib/thumb/v6-m/nofp/libg.a(lib_a-calloc.o)
                              CMakeFiles/robot.dir/home/parker/.pico-sdk/src/rp2_common/pico_malloc/malloc.c.obj (calloc)
/usr/lib/gcc/arm-none-eabi/12.2.1/../../../arm-none-eabi/lib/thumb/v6-m/nofp/libg.a(lib_a-callocr.o)
                              /usr/lib/gcc/arm-none-eabi/12.2.1/../../../arm-none-eabi/lib/thumb/v6-m/nofp/libg.a(lib_a-calloc.o) (_calloc_r)
/usr/lib/gcc/arm-none-eabi/12.2.1/../../../arm-none-eabi/lib/thumb/v6-m/nofp/libg.a(lib_a-fini.o)
                              /usr/lib/gcc/arm-none-eabi/12.2.1/../../../arm-none-eabi/lib/thumb/v6-m/nofp/crt0.o (__libc_fini_array)
/usr/lib/gcc/arm-none-eabi/12.2.1/../../../arm-none-eabi/lib/thumb/v6-m/nofp/libg.a(lib_a-impure.o)
                              /usr/lib/gcc/arm-none-eabi/12.2.1/../../../arm-none-eabi/lib/thumb/v6-m/nofp/libg.a(lib_a-calloc.o) (_impure_ptr)
/usr/lib/gcc/arm-none-eabi/12.2.1/../../../arm-none-eabi/lib/thumb/v6-m/nofp/libg.a(lib_a-init.o)
                              /usr/lib/gcc/arm-none-eabi/12.2.1/../../../arm-none-eabi/lib/thumb/v6-m/nofp/crt0.o (__libc_init_array)
/usr/lib/gcc/arm-none-eabi/12.2.1/../../../arm-none-eabi/lib/thumb/v6-m/nofp/libg.a(lib_a-lcltime_r.o)
                              CMakeFiles/robot.dir/home/parker/.pico-sdk/src/common/pico_util/datetime.c.obj (localtime_r)
/usr/lib/gcc/arm-none-eabi/12.2.1/../../../arm-none-eabi/lib/thumb/v6-m/nofp/libg.a(lib_a-malloc.o)
                              CMakeFiles/robot.dir/home/parker/.pico-sdk/src/rp2_common/pico_malloc/malloc.c.obj (malloc)
/usr/lib/gcc/arm-none-eabi/12.2.1/../../../arm-none-eabi/lib/thumb/v6-m/nofp/libg.a(lib_a-mallocr.o)
                              /usr/lib/gcc/arm-none-eabi/12.2.1/../../../arm-none-eabi/lib/thumb/v6-m/nofp/libg.a(lib_a-callocr.o) (_malloc_r)
/usr/lib/gcc/arm-none-eabi/12.2.1/../../../arm-none-eabi/lib/thumb/v6-m/nofp/libg.a(lib_a-memcmp.o)
                              CMakeFiles/robot.dir/home/parker/.pico-sdk/src/rp2_common/pico_atomic/atomic.c.obj (memcmp)
/usr/lib/gcc/arm-none-eabi/12.2.1/../../../arm-none-eabi/lib/thumb/v6-m/nofp/libg.a(lib_a-mktime.o)
                              CMakeFiles/robot.dir/home/parker/.pico-sdk/src/common/pico_util/datetime.c.obj (mktime)
/usr/lib/gcc/arm-none-eabi/12.2.1/../../../arm-none-eabi/lib/thumb/v6-m/nofp/libg.a(lib_a-mlock.o)
                              /usr/lib/gcc/arm-none-eabi/12.2.1/../../../arm-none-eabi/lib/thumb/v6-m/nofp/libg.a(lib_a-mallocr.o) (__malloc_lock)
/usr/lib/gcc/arm-none-eabi/12.2.1/../../../arm-none-eabi/lib/thumb/v6-m/nofp/libg.a(lib_a-month_lengths.o)
                              /usr/lib/gcc/arm-none-eabi/12.2.1/../../../arm-none-eabi/lib/thumb/v6-m/nofp/libg.a(lib_a-lcltime_r.o) (__month_lengths)
/usr/lib/gcc/arm-none-eabi/12.2.1/../../../arm-none-eabi/lib/thumb/v6-m/nofp/libg.a(lib_a-realloc.o)
                              CMakeFiles/robot.dir/home/parker/.pico-sdk/src/rp2_common/pico_malloc/malloc.c.obj (realloc)
/usr/lib/gcc/arm-none-eabi/12.2.1/../../../arm-none-eabi/lib/thumb/v6-m/nofp/libg.a(lib_a-reallocr.o)
                              /usr/lib/gcc/arm-none-eabi/12.2.1/../../../arm-none-eabi/lib/thumb/v6-m/nofp/libg.a(lib_a-realloc.o) (_realloc_r)
/usr/lib/gcc/arm-none-eabi/12.2.1/../../../arm-none-eabi/lib/thumb/v6-m/nofp/libg.a(lib_a-sbrkr.o)
                              /usr/lib/gcc/arm-none-eabi/12.2.1/../../../arm-none-eabi/lib/thumb/v6-m/nofp/libg.a(lib_a-mallocr.o) (_sbrk_r)
/usr/lib/gcc/arm-none-eabi/12.2.1/../../../arm-none-eabi/lib/thumb/v6-m/nofp/libg.a(lib_a-strlen-stub.o)
                              CMakeFiles/robot.dir/home/parker/.pico-sdk/src/rp2_common/pico_stdio/stdio.c.obj (strlen)
/usr/lib/gcc/arm-none-eabi/12.2.1/../../../arm-none-eabi/lib/thumb/v6-m/nofp/libg.a(lib_a-tzcalc_limits.o)
                              /usr/lib/gcc/arm-none-eabi/12.2.1/../../../arm-none-eabi/lib/thumb/v6-m/nofp/libg.a(lib_a-lcltime_r.o) (__tzcalc_limits)
/usr/lib/gcc/arm-none-eabi/12.2.1/../../../arm-none-eabi/lib/thumb/v6-m/nofp/libg.a(lib_a-tzlock.o)
                              /usr/lib/gcc/arm-none-eabi/12.2.1/../../../arm-none-eabi/lib/thumb/v6-m/nofp/libg.a(lib_a-lcltime_r.o) (__tz_lock)
/usr/lib/gcc/arm-none-eabi/12.2.1/../../../arm-none-eabi/lib/thumb/v6-m/nofp/libg.a(lib_a-tzset.o)
                              /usr/lib/gcc/arm-none-eabi/12.2.1/../../../arm-none-eabi/lib/thumb/v6-m/nofp/libg.a(lib_a-lcltime_r.o) (_tzset_unlocked)
[...]
Memory Configuration

Name             Origin             Length             Attributes
FLASH            0x10000000         0x00200000         xr
RAM              0x20000000         0x00040000         xrw
SCRATCH_X        0x20040000         0x00001000         xrw
SCRATCH_Y        0x20041000         0x00001000         xrw
*default*        0x00000000         0xffffffff

Linker script and memory map

LOAD /usr/lib/gcc/arm-none-eabi/12.2.1/thumb/v6-m/nofp/crti.o
LOAD /usr/lib/gcc/arm-none-eabi/12.2.1/thumb/v6-m/nofp/crtbegin.o
LOAD /usr/lib/gcc/arm-none-eabi/12.2.1/../../../arm-none-eabi/lib/thumb/v6-m/nofp/crt0.o

.flash_begin    0x10000000        0x0
                0x10000000                        __flash_binary_start = .

.boot2          0x10000000      0x100
                0x10000000                        __boot2_start__ = .
 *(.boot2)
 .boot2         0x10000000      0x100 /tmp/cc2XDn9g.o
                0x10000100                        __boot2_end__ = .
                0x00000001                        ASSERT (((__boot2_end__ - __boot2_start__) == 0x100), ERROR: Pico second stage bootloader must be 256 bytes in size)

.text           0x10000100     0x63f4
                0x10000100                        __logical_binary_start = .
 *(.vectors)
 .vectors       0x10000100       0xd4 CMakeFiles/robot.dir/home/parker/.pico-sdk/src/rp2_common/pico_crt0/crt0.S.obj
                0x10000100                __vectors
                0x10000100                __VECTOR_TABLE
                0x100001c0                isr_invalid
                0x100001c0                __default_isrs_start
                0x100001c2                isr_nmi
                0x100001c4                isr_hardfault
                0x100001c6                isr_svcall
                0x100001c8                isr_pendsv
                0x100001ca                isr_systick
                0x100001cc                isr_irq30
                0x100001cc                __unhandled_user_irq
                0x100001cc                isr_irq13
                0x100001cc                isr_irq27
                0x100001cc                isr_irq31
                0x100001cc                isr_irq5
                0x100001cc                isr_irq11
                0x100001cc                isr_irq23
                0x100001cc                isr_irq18
                0x100001cc                isr_irq28
                0x100001cc                isr_irq19
                0x100001cc                isr_irq0
                0x100001cc                isr_irq6
                0x100001cc                isr_irq22
                0x100001cc                isr_irq17
                0x100001cc                isr_irq14
                0x100001cc                isr_irq2
                0x100001cc                isr_irq10
                0x100001cc                isr_irq8
                0x100001cc                isr_irq24
                0x100001cc                isr_irq1
                0x100001cc                isr_irq7
                0x100001cc                isr_irq21
                0x100001cc                isr_irq20
                0x100001cc                isr_irq15
                0x100001cc                isr_irq25
                0x100001cc                isr_irq4
                0x100001cc                isr_irq16
                0x100001cc                isr_irq29
                0x100001cc                isr_irq26
                0x100001cc                __default_isrs_end
                0x100001cc                isr_irq3
                0x100001cc                isr_irq12
                0x100001cc                isr_irq9
                0x100001d2                unhandled_user_irq_num_in_r0
 *(.binary_info_header)
 .binary_info_header
                0x100001d4       0x14 CMakeFiles/robot.dir/home/parker/.pico-sdk/src/rp2_common/pico_crt0/crt0.S.obj
                0x100001e8                        __binary_info_header_end = .
 *(.embedded_block)
                0x100001e8                        __embedded_block_end = .
 *(.reset)
 .reset         0x100001e8       0x9c CMakeFiles/robot.dir/home/parker/.pico-sdk/src/rp2_common/pico_crt0/crt0.S.obj
                0x100001e8                _entry_point
 *(.init)
 .init          0x10000284        0x4 /usr/lib/gcc/arm-none-eabi/12.2.1/thumb/v6-m/nofp/crti.o
                0x10000284                _init
 *(EXCLUDE_FILE(*libm.a: *libc.a:*lib_a-mem*.o *libgcc.a:) .text*)
 .text          0x10000288       0x98 /usr/lib/gcc/arm-none-eabi/12.2.1/thumb/v6-m/nofp/crtbegin.o
 .text.startup.main
                0x10000320       0x3c CMakeFiles/robot.dir/src/main.c.obj
                0x10000320                main
 .text.spi_reg_get_byte
                0x1000035c       0x50 CMakeFiles/robot.dir/src/spi.c.obj
                0x1000035c                spi_reg_get_byte
 .text.spi_reg_get_short
                0x100003ac       0x58 CMakeFiles/robot.dir/src/spi.c.obj
                0x100003ac                spi_reg_get_short
 .text.spi_reg_put_byte
                0x10000404       0x28 CMakeFiles/robot.dir/src/spi.c.obj
                0x10000404                spi_reg_put_byte
 .text.initialize_accelerometer
                0x1000042c      0x108 CMakeFiles/robot.dir/src/accelerometer.c.obj
                0x1000042c                initialize_accelerometer
 .text.accelerometer_get_x
                0x10000534       0x10 CMakeFiles/robot.dir/src/accelerometer.c.obj
                0x10000534                accelerometer_get_x
 .text.accelerometer_get_y
                0x10000544       0x10 CMakeFiles/robot.dir/src/accelerometer.c.obj
                0x10000544                accelerometer_get_y
 .text.accelerometer_get_z
                0x10000554       0x10 CMakeFiles/robot.dir/src/accelerometer.c.obj
                0x10000554                accelerometer_get_z
 .text.gpio_set_function
                0x10000564       0x34 CMakeFiles/robot.dir/home/parker/.pico-sdk/src/rp2_common/hardware_gpio/gpio.c.obj
                0x10000564                gpio_set_function
 .text.gpio_init
                0x10000598       0x40 CMakeFiles/robot.dir/home/parker/.pico-sdk/src/rp2_common/hardware_gpio/gpio.c.obj
                0x10000598                gpio_init
 .text.rp2040_chip_version
                0x100005d8        0xc CMakeFiles/robot.dir/home/parker/.pico-sdk/src/rp2040/pico_platform/platform.c.obj
                0x100005d8                rp2040_chip_version
 .text.panic    0x100005e4       0x30 CMakeFiles/robot.dir/home/parker/.pico-sdk/src/rp2_common/pico_platform_panic/panic.c.obj
                0x100005e4                panic
 .text.hw_claim_or_assert
                0x10000614       0x44 CMakeFiles/robot.dir/home/parker/.pico-sdk/src/common/hardware_claim/claim.c.obj
                0x10000614                hw_claim_or_assert
 .text.hw_claim_unused_from_range
                0x10000658       0x9c CMakeFiles/robot.dir/home/parker/.pico-sdk/src/common/hardware_claim/claim.c.obj
                0x10000658                hw_claim_unused_from_range
 .text.next_striped_spin_lock_num
                0x100006f4       0x18 CMakeFiles/robot.dir/home/parker/.pico-sdk/src/rp2_common/hardware_sync/sync.c.obj
                0x100006f4                next_striped_spin_lock_num
 .text.spin_lock_claim_unused
                0x1000070c       0x24 CMakeFiles/robot.dir/home/parker/.pico-sdk/src/rp2_common/hardware_sync/sync.c.obj
                0x1000070c                spin_lock_claim_unused
 .text.spin_locks_reset
                0x10000730       0x1c CMakeFiles/robot.dir/home/parker/.pico-sdk/src/rp2_common/hardware_sync_spin_lock/sync_spin_lock.c.obj
                0x10000730                spin_locks_reset
 .text.runtime_init_per_core_irq_priorities
                0x1000074c       0x24 CMakeFiles/robot.dir/home/parker/.pico-sdk/src/rp2_common/hardware_irq/irq.c.obj
                0x1000074c                runtime_init_per_core_irq_priorities
 .text.irq_set_enabled
                0x10000770       0x24 CMakeFiles/robot.dir/home/parker/.pico-sdk/src/rp2_common/hardware_irq/irq.c.obj
                0x10000770                irq_set_enabled
 .text.irq_is_enabled
                0x10000794       0x18 CMakeFiles/robot.dir/home/parker/.pico-sdk/src/rp2_common/hardware_irq/irq.c.obj
                0x10000794                irq_is_enabled
 .text.irq_set_pending
                0x100007ac       0x10 CMakeFiles/robot.dir/home/parker/.pico-sdk/src/rp2_common/hardware_irq/irq.c.obj
                0x100007ac                irq_set_pending
 .text.irq_has_shared_handler
                0x100007bc       0x2c CMakeFiles/robot.dir/home/parker/.pico-sdk/src/rp2_common/hardware_irq/irq.c.obj
                0x100007bc                irq_has_shared_handler
 .text.irq_set_exclusive_handler
                0x100007e8       0x54 CMakeFiles/robot.dir/home/parker/.pico-sdk/src/rp2_common/hardware_irq/irq.c.obj
                0x100007e8                irq_set_exclusive_handler
 .text.irq_add_shared_handler
                0x1000083c      0x1f4 CMakeFiles/robot.dir/home/parker/.pico-sdk/src/rp2_common/hardware_irq/irq.c.obj
                0x1000083c                irq_add_shared_handler
 .text.irq_add_tail_to_free_list
                0x10000a30       0xb4 CMakeFiles/robot.dir/home/parker/.pico-sdk/src/rp2_common/hardware_irq/irq.c.obj
                0x10000a30                irq_add_tail_to_free_list
 .text.user_irq_claim_unused
                0x10000ae4       0x2c CMakeFiles/robot.dir/home/parker/.pico-sdk/src/rp2_common/hardware_irq/irq.c.obj
                0x10000ae4                user_irq_claim_unused
 .text.lock_init
                0x10000b10       0x10 CMakeFiles/robot.dir/home/parker/.pico-sdk/src/common/pico_sync/lock_core.c.obj
                0x10000b10                lock_init
 .text.runtime_init_mutex
                0x10000b20       0x58 CMakeFiles/robot.dir/home/parker/.pico-sdk/src/common/pico_sync/mutex.c.obj
                0x10000b20                runtime_init_mutex
 .text.mutex_init
                0x10000b78       0x1c CMakeFiles/robot.dir/home/parker/.pico-sdk/src/common/pico_sync/mutex.c.obj
                0x10000b78                mutex_init
 .text.critical_section_init
                0x10000b94       0x1c CMakeFiles/robot.dir/home/parker/.pico-sdk/src/common/pico_sync/critical_section.c.obj
                0x10000b94                critical_section_init
 .text.critical_section_init_with_lock_num
                0x10000bb0       0x14 CMakeFiles/robot.dir/home/parker/.pico-sdk/src/common/pico_sync/critical_section.c.obj
                0x10000bb0                critical_section_init_with_lock_num
 .text.sleep_until_callback
                0x10000bc4       0x30 CMakeFiles/robot.dir/home/parker/.pico-sdk/src/common/pico_time/time.c.obj
 .text.alarm_pool_irq_handler
                0x10000bf4      0x2e8 CMakeFiles/robot.dir/home/parker/.pico-sdk/src/common/pico_time/time.c.obj
 .text.runtime_init_default_alarm_pool
                0x10000edc       0xdc CMakeFiles/robot.dir/home/parker/.pico-sdk/src/common/pico_time/time.c.obj
                0x10000edc                runtime_init_default_alarm_pool
 .text.alarm_pool_get_default
                0x10000fb8        0x8 CMakeFiles/robot.dir/home/parker/.pico-sdk/src/common/pico_time/time.c.obj
                0x10000fb8                alarm_pool_get_default
 .text.alarm_pool_add_alarm_at
                0x10000fc0       0xd4 CMakeFiles/robot.dir/home/parker/.pico-sdk/src/common/pico_time/time.c.obj
                0x10000fc0                alarm_pool_add_alarm_at
 .text.alarm_pool_add_alarm_at_force_in_context
                0x10001094       0xb0 CMakeFiles/robot.dir/home/parker/.pico-sdk/src/common/pico_time/time.c.obj
                0x10001094                alarm_pool_add_alarm_at_force_in_context
 .text.alarm_pool_cancel_alarm
                0x10001144       0x74 CMakeFiles/robot.dir/home/parker/.pico-sdk/src/common/pico_time/time.c.obj
                0x10001144                alarm_pool_cancel_alarm
 .text.alarm_pool_core_num
                0x100011b8        0x4 CMakeFiles/robot.dir/home/parker/.pico-sdk/src/common/pico_time/time.c.obj
                0x100011b8                alarm_pool_core_num
 .text.sleep_until
                0x100011bc       0xd8 CMakeFiles/robot.dir/home/parker/.pico-sdk/src/common/pico_time/time.c.obj
                0x100011bc                sleep_until
 .text.sleep_ms
                0x10001294       0x38 CMakeFiles/robot.dir/home/parker/.pico-sdk/src/common/pico_time/time.c.obj
                0x10001294                sleep_ms
 .text.best_effort_wfe_or_timeout
                0x100012cc      0x124 CMakeFiles/robot.dir/home/parker/.pico-sdk/src/common/pico_time/time.c.obj
                0x100012cc                best_effort_wfe_or_timeout
 .text.timer_hardware_alarm_claim
                0x100013f0       0x14 CMakeFiles/robot.dir/home/parker/.pico-sdk/src/rp2_common/hardware_timer/timer.c.obj
                0x100013f0                timer_hardware_alarm_claim
 .text.timer_time_us_64
                0x10001404       0x10 CMakeFiles/robot.dir/home/parker/.pico-sdk/src/rp2_common/hardware_timer/timer.c.obj
                0x10001404                timer_time_us_64
 .text.time_us_64
                0x10001414       0x14 CMakeFiles/robot.dir/home/parker/.pico-sdk/src/rp2_common/hardware_timer/timer.c.obj
                0x10001414                time_us_64
 .text.busy_wait_until
                0x10001428       0x20 CMakeFiles/robot.dir/home/parker/.pico-sdk/src/rp2_common/hardware_timer/timer.c.obj
                0x10001428                busy_wait_until
 .text.clock_configure_int_divider
                0x10001448       0xf4 CMakeFiles/robot.dir/home/parker/.pico-sdk/src/rp2_common/hardware_clocks/clocks.c.obj
                0x10001448                clock_configure_int_divider
 .text.clock_configure_undivided
                0x1000153c       0xe8 CMakeFiles/robot.dir/home/parker/.pico-sdk/src/rp2_common/hardware_clocks/clocks.c.obj
                0x1000153c                clock_configure_undivided
 .text.clock_get_hz
                0x10001624        0xc CMakeFiles/robot.dir/home/parker/.pico-sdk/src/rp2_common/hardware_clocks/clocks.c.obj
                0x10001624                clock_get_hz
 .text.pll_init
                0x10001630       0xa0 CMakeFiles/robot.dir/home/parker/.pico-sdk/src/rp2_common/hardware_pll/pll.c.obj
                0x10001630                pll_init
 .text.watchdog_reboot
                0x100016d0       0x9c CMakeFiles/robot.dir/home/parker/.pico-sdk/src/rp2_common/hardware_watchdog/watchdog.c.obj
                0x100016d0                watchdog_reboot
 .text.tick_start
                0x1000176c       0x10 CMakeFiles/robot.dir/home/parker/.pico-sdk/src/rp2_common/hardware_ticks/ticks.c.obj
                0x1000176c                tick_start
 .text.xosc_init
                0x1000177c       0x28 CMakeFiles/robot.dir/home/parker/.pico-sdk/src/rp2_common/hardware_xosc/xosc.c.obj
                0x1000177c                xosc_init
 .text.first_per_core_initializer
                0x100017a4        0x4 CMakeFiles/robot.dir/home/parker/.pico-sdk/src/rp2_common/pico_runtime/runtime.c.obj
 .text.hard_assertion_failure
                0x100017a8        0xc CMakeFiles/robot.dir/home/parker/.pico-sdk/src/rp2_common/pico_runtime/runtime.c.obj
                0x100017a8                hard_assertion_failure
 .text.runtime_run_initializers
                0x100017b4       0x28 CMakeFiles/robot.dir/home/parker/.pico-sdk/src/rp2_common/pico_runtime/runtime.c.obj
                0x100017b4                runtime_run_initializers
 .text.runtime_init_early_resets
                0x100017dc       0x2c CMakeFiles/robot.dir/home/parker/.pico-sdk/src/rp2_common/pico_runtime_init/runtime_init.c.obj
                0x100017dc                runtime_init_early_resets
 .text.runtime_init_usb_power_down
                0x10001808       0x1c CMakeFiles/robot.dir/home/parker/.pico-sdk/src/rp2_common/pico_runtime_init/runtime_init.c.obj
                0x10001808                runtime_init_usb_power_down
 .text.runtime_init_post_clock_resets
                0x10001824       0x20 CMakeFiles/robot.dir/home/parker/.pico-sdk/src/rp2_common/pico_runtime_init/runtime_init.c.obj
                0x10001824                runtime_init_post_clock_resets
 .text.runtime_init_rp2040_gpio_ie_disable
                0x10001844       0x14 CMakeFiles/robot.dir/home/parker/.pico-sdk/src/rp2_common/pico_runtime_init/runtime_init.c.obj
                0x10001844                runtime_init_rp2040_gpio_ie_disable
 .text.runtime_init_spin_locks_reset
                0x10001858        0x8 CMakeFiles/robot.dir/home/parker/.pico-sdk/src/rp2_common/pico_runtime_init/runtime_init.c.obj
                0x10001858                runtime_init_spin_locks_reset
 .text.runtime_init_install_ram_vector_table
                0x10001860       0x1c CMakeFiles/robot.dir/home/parker/.pico-sdk/src/rp2_common/pico_runtime_init/runtime_init.c.obj
                0x10001860                runtime_init_install_ram_vector_table
 .text.runtime_init_clocks
                0x1000187c       0xd8 CMakeFiles/robot.dir/home/parker/.pico-sdk/src/rp2_common/pico_runtime_init/runtime_init_clocks.c.obj
                0x1000187c                runtime_init_clocks
 .text          0x10001954       0x10 CMakeFiles/robot.dir/home/parker/.pico-sdk/src/rp2_common/pico_bit_ops/bit_ops_aeabi.S.obj
 .text.rom_func_lookup
                0x10001964       0x10 CMakeFiles/robot.dir/home/parker/.pico-sdk/src/rp2_common/pico_bootrom/bootrom.c.obj
                0x10001964                rom_func_lookup
 .text.rom_data_lookup
                0x10001974       0x10 CMakeFiles/robot.dir/home/parker/.pico-sdk/src/rp2_common/pico_bootrom/bootrom.c.obj
                0x10001974                rom_data_lookup
 .text.rom_funcs_lookup
                0x10001984       0x44 CMakeFiles/robot.dir/home/parker/.pico-sdk/src/rp2_common/pico_bootrom/bootrom.c.obj
                0x10001984                rom_funcs_lookup
 .text.rom_reset_usb_boot
                0x100019c8       0x20 CMakeFiles/robot.dir/home/parker/.pico-sdk/src/rp2_common/pico_bootrom/bootrom.c.obj
                0x100019c8                rom_reset_usb_boot
 .text.__wrap___aeabi_idiv
                0x100019e8       0x50 CMakeFiles/robot.dir/home/parker/.pico-sdk/src/rp2_common/pico_divider/divider_hardware.S.obj
                0x100019e8                __wrap___aeabi_idivmod
                0x100019e8                divmod_s32s32
                0x100019e8                div_s32s32
                0x100019e8                __wrap___aeabi_idiv
                0x100019f0                divmod_s32s32_unsafe
                0x10001a1c                divmod_s32s32_savestate
 .text.__wrap___aeabi_uidiv
                0x10001a38       0x4c CMakeFiles/robot.dir/home/parker/.pico-sdk/src/rp2_common/pico_divider/divider_hardware.S.obj
                0x10001a38                __wrap___aeabi_uidiv
                0x10001a38                __wrap___aeabi_uidivmod
                0x10001a38                div_u32u32
                0x10001a38                divmod_u32u32
                0x10001a40                divmod_u32u32_unsafe
                0x10001a68                divmod_u32u32_savestate
 .text.__wrap___aeabi_ldiv
                0x10001a84      0x424 CMakeFiles/robot.dir/home/parker/.pico-sdk/src/rp2_common/pico_divider/divider_hardware.S.obj
                0x10001a84                div_s64s64
                0x10001a84                divmod_s64s64
                0x10001a84                __wrap___aeabi_ldivmod
                0x10001ab4                div_u64u64
                0x10001ab4                divmod_u64u64
                0x10001ab4                __wrap___aeabi_uldivmod
                0x10001ac4                divmod_u64u64_savestate
                0x10001ae4                divmod_s64s64_unsafe
                0x10001b6c                divmod_u64u64_unsafe
 .text.__wrap___aeabi_darithmetic
                0x10001ea8       0x60 CMakeFiles/robot.dir/home/parker/.pico-sdk/src/rp2_common/pico_double/double_aeabi_rp2040.S.obj
                0x10001ea8                __wrap___aeabi_drsub
                0x10001eae                __wrap___aeabi_dsub
                0x10001eb8                __wrap___aeabi_dadd
                0x10001ec2                __wrap___aeabi_ddiv
                0x10001ef6                __wrap___aeabi_dmul
 .text.__wrap___aeabi_cdcmple
                0x10001f08       0x6c CMakeFiles/robot.dir/home/parker/.pico-sdk/src/rp2_common/pico_double/double_aeabi_rp2040.S.obj
                0x10001f08                __wrap___aeabi_cdrcmple
                0x10001f18                __wrap___aeabi_cdcmple
                0x10001f18                __wrap___aeabi_cdcmpeq
 .text.__wrap___aeabi_dcmplt
                0x10001f74        0xc CMakeFiles/robot.dir/home/parker/.pico-sdk/src/rp2_common/pico_double/double_aeabi_rp2040.S.obj
                0x10001f74                __wrap___aeabi_dcmplt
 .text.__wrap___aeabi_dcmpge
                0x10001f80       0x10 CMakeFiles/robot.dir/home/parker/.pico-sdk/src/rp2_common/pico_double/double_aeabi_rp2040.S.obj
                0x10001f80                __wrap___aeabi_dcmpge
 .text.__wrap___aeabi_dcmpgt
                0x10001f90        0xa CMakeFiles/robot.dir/home/parker/.pico-sdk/src/rp2_common/pico_double/double_aeabi_rp2040.S.obj
                0x10001f90                __wrap___aeabi_dcmpgt
 .text.__wrap___aeabi_dcmpun
                0x10001f9a       0x18 CMakeFiles/robot.dir/home/parker/.pico-sdk/src/rp2_common/pico_double/double_aeabi_rp2040.S.obj
                0x10001f9a                __wrap___aeabi_dcmpun
 *fill*         0x10001fb2        0x2 
 .text.__wrap___aeabi_i2d
                0x10001fb4       0x38 CMakeFiles/robot.dir/home/parker/.pico-sdk/src/rp2_common/pico_double/double_aeabi_rp2040.S.obj
                0x10001fb4                __wrap___aeabi_ui2d
                0x10001fbc                __wrap___aeabi_i2d
 .text.__wrap___aeabi_d2iz
                0x10001fec       0x48 CMakeFiles/robot.dir/home/parker/.pico-sdk/src/rp2_common/pico_double/double_aeabi_rp2040.S.obj
                0x10001fec                __wrap___aeabi_d2iz
                0x10001fec                double2int_z
 .text.__wrap___aeabi_d2uiz
                0x10002034       0x10 CMakeFiles/robot.dir/home/parker/.pico-sdk/src/rp2_common/pico_double/double_aeabi_rp2040.S.obj
                0x10002034                double2uint
                0x10002034                __wrap___aeabi_d2uiz
 .text.missing_double_func_shim
                0x10002044        0xc CMakeFiles/robot.dir/home/parker/.pico-sdk/src/rp2_common/pico_double/double_init_rom_rp2040.c.obj
 .text.__aeabi_double_init
                0x10002050       0xa0 CMakeFiles/robot.dir/home/parker/.pico-sdk/src/rp2_common/pico_double/double_init_rom_rp2040.c.obj
                0x10002050                __aeabi_double_init
 .text.double_table_shim_on_use_helper
                0x100020f0       0x2c CMakeFiles/robot.dir/home/parker/.pico-sdk/src/rp2_common/pico_double/double_v1_rom_shim_rp2040.S.obj
                0x100020f0                double_table_shim_on_use_helper
 .text.__aeabi_lmul
                0x1000211c       0x32 CMakeFiles/robot.dir/home/parker/.pico-sdk/src/rp2_common/pico_int64_ops/pico_int64_ops_aeabi.S.obj
                0x1000211c                __wrap___aeabi_lmul
 *fill*         0x1000214e        0x2 
 .text.missing_float_func_shim
                0x10002150        0xc CMakeFiles/robot.dir/home/parker/.pico-sdk/src/rp2_common/pico_float/float_init_rom_rp2040.c.obj
 .text.__aeabi_float_init
                0x1000215c       0x5c CMakeFiles/robot.dir/home/parker/.pico-sdk/src/rp2_common/pico_float/float_init_rom_rp2040.c.obj
                0x1000215c                __aeabi_float_init
 .text          0x100021b8       0x10 CMakeFiles/robot.dir/home/parker/.pico-sdk/src/rp2_common/pico_mem_ops/mem_ops_aeabi.S.obj
                0x100021b8                __aeabi_mem_init
 .text.memset   0x100021c8        0xc CMakeFiles/robot.dir/home/parker/.pico-sdk/src/rp2_common/pico_mem_ops/mem_ops_aeabi.S.obj
                0x100021c8                __wrap_memset
 .text.memcpy   0x100021d4        0xc CMakeFiles/robot.dir/home/parker/.pico-sdk/src/rp2_common/pico_mem_ops/mem_ops_aeabi.S.obj
                0x100021d4                __wrap___aeabi_memcpy
                0x100021d4                __wrap_memcpy
 .text._out_null
                0x100021e0        0x4 CMakeFiles/robot.dir/home/parker/.pico-sdk/src/rp2_common/pico_printf/printf.c.obj
 .text._out_rev
                0x100021e4       0x90 CMakeFiles/robot.dir/home/parker/.pico-sdk/src/rp2_common/pico_printf/printf.c.obj
 .text._ntoa_format
                0x10002274      0x1f4 CMakeFiles/robot.dir/home/parker/.pico-sdk/src/rp2_common/pico_printf/printf.c.obj
 .text._out_char
                0x10002468       0x10 CMakeFiles/robot.dir/home/parker/.pico-sdk/src/rp2_common/pico_printf/printf.c.obj
 .text._out_fct
                0x10002478       0x10 CMakeFiles/robot.dir/home/parker/.pico-sdk/src/rp2_common/pico_printf/printf.c.obj
 .text._etoa    0x10002488      0x454 CMakeFiles/robot.dir/home/parker/.pico-sdk/src/rp2_common/pico_printf/printf.c.obj
 .text._ftoa    0x100028dc      0x3c4 CMakeFiles/robot.dir/home/parker/.pico-sdk/src/rp2_common/pico_printf/printf.c.obj
 .text._vsnprintf
                0x10002ca0      0xb24 CMakeFiles/robot.dir/home/parker/.pico-sdk/src/rp2_common/pico_printf/printf.c.obj
 .text.vfctprintf
                0x100037c4       0x20 CMakeFiles/robot.dir/home/parker/.pico-sdk/src/rp2_common/pico_printf/printf.c.obj
                0x100037c4                vfctprintf
 .text.weak_raw_vprintf
                0x100037e4       0x30 CMakeFiles/robot.dir/home/parker/.pico-sdk/src/rp2_common/pico_printf/printf.c.obj
                0x100037e4                weak_raw_vprintf
 .text._exit    0x10003814        0x4 CMakeFiles/robot.dir/home/parker/.pico-sdk/src/rp2_common/pico_clib_interface/newlib_interface.c.obj
                0x10003814                _exit
 .text.exit     0x10003818        0x8 CMakeFiles/robot.dir/home/parker/.pico-sdk/src/rp2_common/pico_clib_interface/newlib_interface.c.obj
                0x10003818                exit
 .text.runtime_init
                0x10003820       0x2c CMakeFiles/robot.dir/home/parker/.pico-sdk/src/rp2_common/pico_clib_interface/newlib_interface.c.obj
                0x10003820                runtime_init
 .text.stdio_out_chars_no_crlf
                0x1000384c       0x10 CMakeFiles/robot.dir/home/parker/.pico-sdk/src/rp2_common/pico_stdio/stdio.c.obj
 .text.stdio_out_chars_crlf
                0x1000385c       0xbc CMakeFiles/robot.dir/home/parker/.pico-sdk/src/rp2_common/pico_stdio/stdio.c.obj
 .text.stdio_buffered_printer
                0x10003918       0x64 CMakeFiles/robot.dir/home/parker/.pico-sdk/src/rp2_common/pico_stdio/stdio.c.obj
 .text.stdio_put_string
                0x1000397c      0x100 CMakeFiles/robot.dir/home/parker/.pico-sdk/src/rp2_common/pico_stdio/stdio.c.obj
                0x1000397c                stdio_put_string
 .text.stdio_set_driver_enabled
                0x10003a7c       0x30 CMakeFiles/robot.dir/home/parker/.pico-sdk/src/rp2_common/pico_stdio/stdio.c.obj
                0x10003a7c                stdio_set_driver_enabled
 .text.stdio_init_all
                0x10003aac        0x8 CMakeFiles/robot.dir/home/parker/.pico-sdk/src/rp2_common/pico_stdio/stdio.c.obj
                0x10003aac                stdio_init_all
 .text.__wrap_putchar
                0x10003ab4       0x98 CMakeFiles/robot.dir/home/parker/.pico-sdk/src/rp2_common/pico_stdio/stdio.c.obj
                0x10003ab4                stdio_putchar
                0x10003ab4                __wrap_putchar
 .text.__wrap_puts
                0x10003b4c       0x3c CMakeFiles/robot.dir/home/parker/.pico-sdk/src/rp2_common/pico_stdio/stdio.c.obj
                0x10003b4c                __wrap_puts
                0x10003b4c                stdio_puts
 .text.__wrap_vprintf
                0x10003b88       0xd4 CMakeFiles/robot.dir/home/parker/.pico-sdk/src/rp2_common/pico_stdio/stdio.c.obj
                0x10003b88                __wrap_vprintf
                0x10003b88                stdio_vprintf
 .text.__wrap_printf
                0x10003c5c       0x18 CMakeFiles/robot.dir/home/parker/.pico-sdk/src/rp2_common/pico_stdio/stdio.c.obj
                0x10003c5c                stdio_printf
                0x10003c5c                __wrap_printf
 .text.resetd_init
                0x10003c74        0x4 CMakeFiles/robot.dir/home/parker/.pico-sdk/src/rp2_common/pico_stdio_usb/reset_interface.c.obj
 .text.resetd_reset
                0x10003c78        0xc CMakeFiles/robot.dir/home/parker/.pico-sdk/src/rp2_common/pico_stdio_usb/reset_interface.c.obj
 .text.resetd_open
                0x10003c84       0x28 CMakeFiles/robot.dir/home/parker/.pico-sdk/src/rp2_common/pico_stdio_usb/reset_interface.c.obj
 .text.resetd_xfer_cb
                0x10003cac        0x4 CMakeFiles/robot.dir/home/parker/.pico-sdk/src/rp2_common/pico_stdio_usb/reset_interface.c.obj
 .text.resetd_control_xfer_cb
                0x10003cb0       0x54 CMakeFiles/robot.dir/home/parker/.pico-sdk/src/rp2_common/pico_stdio_usb/reset_interface.c.obj
 .text.tud_descriptor_bos_cb
                0x10003d04        0x8 CMakeFiles/robot.dir/home/parker/.pico-sdk/src/rp2_common/pico_stdio_usb/reset_interface.c.obj
                0x10003d04                tud_descriptor_bos_cb
 .text.tud_vendor_control_xfer_cb
                0x10003d0c       0x34 CMakeFiles/robot.dir/home/parker/.pico-sdk/src/rp2_common/pico_stdio_usb/reset_interface.c.obj
                0x10003d0c                tud_vendor_control_xfer_cb
 .text.usbd_app_driver_get_cb
                0x10003d40        0xc CMakeFiles/robot.dir/home/parker/.pico-sdk/src/rp2_common/pico_stdio_usb/reset_interface.c.obj
                0x10003d40                usbd_app_driver_get_cb
 .text.tud_cdc_line_coding_cb
                0x10003d4c       0x28 CMakeFiles/robot.dir/home/parker/.pico-sdk/src/rp2_common/pico_stdio_usb/reset_interface.c.obj
                0x10003d4c                tud_cdc_line_coding_cb
 .text.stdio_usb_set_chars_available_callback
                0x10003d74       0x14 CMakeFiles/robot.dir/home/parker/.pico-sdk/src/rp2_common/pico_stdio_usb/stdio_usb.c.obj
                0x10003d74                stdio_usb_set_chars_available_callback
 .text.usb_irq  0x10003d88       0x10 CMakeFiles/robot.dir/home/parker/.pico-sdk/src/rp2_common/pico_stdio_usb/stdio_usb.c.obj
 .text.timer_task
                0x10003d98       0x64 CMakeFiles/robot.dir/home/parker/.pico-sdk/src/rp2_common/pico_stdio_usb/stdio_usb.c.obj
 .text.stdio_usb_in_chars
                0x10003dfc       0x90 CMakeFiles/robot.dir/home/parker/.pico-sdk/src/rp2_common/pico_stdio_usb/stdio_usb.c.obj
                0x10003dfc                stdio_usb_in_chars
 .text.stdio_usb_out_flush
                0x10003e8c       0x50 CMakeFiles/robot.dir/home/parker/.pico-sdk/src/rp2_common/pico_stdio_usb/stdio_usb.c.obj
 .text.stdio_usb_out_chars
                0x10003edc      0x104 CMakeFiles/robot.dir/home/parker/.pico-sdk/src/rp2_common/pico_stdio_usb/stdio_usb.c.obj
 .text.low_priority_worker_irq
                0x10003fe0       0xcc CMakeFiles/robot.dir/home/parker/.pico-sdk/src/rp2_common/pico_stdio_usb/stdio_usb.c.obj
 .text.stdio_usb_init
                0x100040ac       0xe8 CMakeFiles/robot.dir/home/parker/.pico-sdk/src/rp2_common/pico_stdio_usb/stdio_usb.c.obj
                0x100040ac                stdio_usb_init
 .text.tud_descriptor_device_cb
                0x10004194        0x8 CMakeFiles/robot.dir/home/parker/.pico-sdk/src/rp2_common/pico_stdio_usb/stdio_usb_descriptors.c.obj
                0x10004194                tud_descriptor_device_cb
 .text.tud_descriptor_configuration_cb
                0x1000419c        0x8 CMakeFiles/robot.dir/home/parker/.pico-sdk/src/rp2_common/pico_stdio_usb/stdio_usb_descriptors.c.obj
                0x1000419c                tud_descriptor_configuration_cb
 .text.tud_descriptor_string_cb
                0x100041a4       0x78 CMakeFiles/robot.dir/home/parker/.pico-sdk/src/rp2_common/pico_stdio_usb/stdio_usb_descriptors.c.obj
                0x100041a4                tud_descriptor_string_cb
 .text.startup._retrieve_unique_id_on_boot
                0x1000421c       0x10 CMakeFiles/robot.dir/home/parker/.pico-sdk/src/rp2_common/pico_unique_id/unique_id.c.obj
 .text.pico_get_unique_board_id_string
                0x1000422c      0x1a8 CMakeFiles/robot.dir/home/parker/.pico-sdk/src/rp2_common/pico_unique_id/unique_id.c.obj
                0x1000422c                pico_get_unique_board_id_string
 .text.flash_get_unique_id
                0x100043d4       0x40 CMakeFiles/robot.dir/home/parker/.pico-sdk/src/rp2_common/hardware_flash/flash.c.obj
                0x100043d4                flash_get_unique_id
 .text.dcd_init
                0x10004414       0x8c CMakeFiles/robot.dir/home/parker/.pico-sdk/lib/tinyusb/src/portable/raspberrypi/rp2040/dcd_rp2040.c.obj
                0x10004414                dcd_init
 .text.dcd_int_enable
                0x100044a0        0xc CMakeFiles/robot.dir/home/parker/.pico-sdk/lib/tinyusb/src/portable/raspberrypi/rp2040/dcd_rp2040.c.obj
                0x100044a0                dcd_int_enable
 .text.dcd_set_address
                0x100044ac       0x14 CMakeFiles/robot.dir/home/parker/.pico-sdk/lib/tinyusb/src/portable/raspberrypi/rp2040/dcd_rp2040.c.obj
                0x100044ac                dcd_set_address
 .text.dcd_sof_enable
                0x100044c0       0x1c CMakeFiles/robot.dir/home/parker/.pico-sdk/lib/tinyusb/src/portable/raspberrypi/rp2040/dcd_rp2040.c.obj
                0x100044c0                dcd_sof_enable
 .text.dcd_edpt0_status_complete
                0x100044dc       0x1c CMakeFiles/robot.dir/home/parker/.pico-sdk/lib/tinyusb/src/portable/raspberrypi/rp2040/dcd_rp2040.c.obj
                0x100044dc                dcd_edpt0_status_complete
 .text.dcd_edpt_open
                0x100044f8      0x108 CMakeFiles/robot.dir/home/parker/.pico-sdk/lib/tinyusb/src/portable/raspberrypi/rp2040/dcd_rp2040.c.obj
                0x100044f8                dcd_edpt_open
 .text.dcd_edpt_close_all
                0x10004600        0x8 CMakeFiles/robot.dir/home/parker/.pico-sdk/lib/tinyusb/src/portable/raspberrypi/rp2040/dcd_rp2040.c.obj
                0x10004600                dcd_edpt_close_all
 .text.dcd_edpt_xfer
                0x10004608       0x24 CMakeFiles/robot.dir/home/parker/.pico-sdk/lib/tinyusb/src/portable/raspberrypi/rp2040/dcd_rp2040.c.obj
                0x10004608                dcd_edpt_xfer
 .text.dcd_edpt_stall
                0x1000462c       0x38 CMakeFiles/robot.dir/home/parker/.pico-sdk/lib/tinyusb/src/portable/raspberrypi/rp2040/dcd_rp2040.c.obj
                0x1000462c                dcd_edpt_stall
 .text.dcd_edpt_clear_stall
                0x10004664       0x30 CMakeFiles/robot.dir/home/parker/.pico-sdk/lib/tinyusb/src/portable/raspberrypi/rp2040/dcd_rp2040.c.obj
                0x10004664                dcd_edpt_clear_stall
 .text.rp2040_usb_init
                0x10004694       0x40 CMakeFiles/robot.dir/home/parker/.pico-sdk/lib/tinyusb/src/portable/raspberrypi/rp2040/rp2040_usb.c.obj
                0x10004694                rp2040_usb_init
 .text.hw_endpoint_xfer_start
                0x100046d4       0x40 CMakeFiles/robot.dir/home/parker/.pico-sdk/lib/tinyusb/src/portable/raspberrypi/rp2040/rp2040_usb.c.obj
                0x100046d4                hw_endpoint_xfer_start
 .text.tud_event_hook_cb
                0x10004714        0x4 CMakeFiles/robot.dir/home/parker/.pico-sdk/lib/tinyusb/src/device/usbd.c.obj
                0x10004714                tud_event_hook_cb
 .text.tud_sof_cb
                0x10004718        0x4 CMakeFiles/robot.dir/home/parker/.pico-sdk/lib/tinyusb/src/device/usbd.c.obj
                0x10004718                tud_sof_cb
 .text.tud_descriptor_device_qualifier_cb
                0x1000471c        0x4 CMakeFiles/robot.dir/home/parker/.pico-sdk/lib/tinyusb/src/device/usbd.c.obj
                0x1000471c                tud_descriptor_device_qualifier_cb
 .text.tud_descriptor_other_speed_configuration_cb
                0x10004720        0x4 CMakeFiles/robot.dir/home/parker/.pico-sdk/lib/tinyusb/src/device/usbd.c.obj
                0x10004720                tud_descriptor_other_speed_configuration_cb
 .text.tud_mount_cb
                0x10004724        0x4 CMakeFiles/robot.dir/home/parker/.pico-sdk/lib/tinyusb/src/device/usbd.c.obj
                0x10004724                tud_mount_cb
 .text.tud_umount_cb
                0x10004728        0x4 CMakeFiles/robot.dir/home/parker/.pico-sdk/lib/tinyusb/src/device/usbd.c.obj
                0x10004728                tud_umount_cb
 .text.tud_suspend_cb
                0x1000472c        0x4 CMakeFiles/robot.dir/home/parker/.pico-sdk/lib/tinyusb/src/device/usbd.c.obj
                0x1000472c                tud_suspend_cb
 .text.tud_resume_cb
                0x10004730        0x4 CMakeFiles/robot.dir/home/parker/.pico-sdk/lib/tinyusb/src/device/usbd.c.obj
                0x10004730                tud_resume_cb
 .text.tud_mounted
                0x10004734       0x10 CMakeFiles/robot.dir/home/parker/.pico-sdk/lib/tinyusb/src/device/usbd.c.obj
                0x10004734                tud_mounted
 .text.tud_suspended
                0x10004744       0x10 CMakeFiles/robot.dir/home/parker/.pico-sdk/lib/tinyusb/src/device/usbd.c.obj
                0x10004744                tud_suspended
 .text.tud_init
                0x10004754       0xe4 CMakeFiles/robot.dir/home/parker/.pico-sdk/lib/tinyusb/src/device/usbd.c.obj
                0x10004754                tud_init
 .text.tud_task_ext
                0x10004838      0x808 CMakeFiles/robot.dir/home/parker/.pico-sdk/lib/tinyusb/src/device/usbd.c.obj
                0x10004838                tud_task_ext
 .text.usbd_open_edpt_pair
                0x10005040       0x9c CMakeFiles/robot.dir/home/parker/.pico-sdk/lib/tinyusb/src/device/usbd.c.obj
                0x10005040                usbd_open_edpt_pair
 .text.usbd_edpt_open
                0x100050dc       0x34 CMakeFiles/robot.dir/home/parker/.pico-sdk/lib/tinyusb/src/device/usbd.c.obj
                0x100050dc                usbd_edpt_open
 .text.usbd_edpt_claim
                0x10005110       0x28 CMakeFiles/robot.dir/home/parker/.pico-sdk/lib/tinyusb/src/device/usbd.c.obj
                0x10005110                usbd_edpt_claim
 .text.usbd_edpt_release
                0x10005138       0x28 CMakeFiles/robot.dir/home/parker/.pico-sdk/lib/tinyusb/src/device/usbd.c.obj
                0x10005138                usbd_edpt_release
 .text.usbd_edpt_xfer
                0x10005160       0x4c CMakeFiles/robot.dir/home/parker/.pico-sdk/lib/tinyusb/src/device/usbd.c.obj
                0x10005160                usbd_edpt_xfer
 .text.tud_control_status
                0x100051ac       0x2c CMakeFiles/robot.dir/home/parker/.pico-sdk/lib/tinyusb/src/device/usbd_control.c.obj
                0x100051ac                tud_control_status
 .text.tud_control_xfer
                0x100051d8       0xac CMakeFiles/robot.dir/home/parker/.pico-sdk/lib/tinyusb/src/device/usbd_control.c.obj
                0x100051d8                tud_control_xfer
 .text.usbd_control_reset
                0x10005284       0x14 CMakeFiles/robot.dir/home/parker/.pico-sdk/lib/tinyusb/src/device/usbd_control.c.obj
                0x10005284                usbd_control_reset
 .text.usbd_control_set_complete_callback
                0x10005298        0xc CMakeFiles/robot.dir/home/parker/.pico-sdk/lib/tinyusb/src/device/usbd_control.c.obj
                0x10005298                usbd_control_set_complete_callback
 .text.usbd_control_set_request
                0x100052a4       0x1c CMakeFiles/robot.dir/home/parker/.pico-sdk/lib/tinyusb/src/device/usbd_control.c.obj
                0x100052a4                usbd_control_set_request
 .text.usbd_control_xfer_cb
                0x100052c0       0xec CMakeFiles/robot.dir/home/parker/.pico-sdk/lib/tinyusb/src/device/usbd_control.c.obj
                0x100052c0                usbd_control_xfer_cb
 .text._prep_out_transaction.isra.0
                0x100053ac       0x5c CMakeFiles/robot.dir/home/parker/.pico-sdk/lib/tinyusb/src/class/cdc/cdc_device.c.obj
 .text.tud_cdc_n_connected
                0x10005408       0x30 CMakeFiles/robot.dir/home/parker/.pico-sdk/lib/tinyusb/src/class/cdc/cdc_device.c.obj
                0x10005408                tud_cdc_n_connected
 .text.tud_cdc_n_available
                0x10005438       0x18 CMakeFiles/robot.dir/home/parker/.pico-sdk/lib/tinyusb/src/class/cdc/cdc_device.c.obj
                0x10005438                tud_cdc_n_available
 .text.tud_cdc_n_read
                0x10005450       0x98 CMakeFiles/robot.dir/home/parker/.pico-sdk/lib/tinyusb/src/class/cdc/cdc_device.c.obj
                0x10005450                tud_cdc_n_read
 .text.tud_cdc_n_write_flush
                0x100054e8       0x78 CMakeFiles/robot.dir/home/parker/.pico-sdk/lib/tinyusb/src/class/cdc/cdc_device.c.obj
                0x100054e8                tud_cdc_n_write_flush
 .text.tud_cdc_n_write
                0x10005560       0x40 CMakeFiles/robot.dir/home/parker/.pico-sdk/lib/tinyusb/src/class/cdc/cdc_device.c.obj
                0x10005560                tud_cdc_n_write
 .text.tud_cdc_n_write_available
                0x100055a0       0x18 CMakeFiles/robot.dir/home/parker/.pico-sdk/lib/tinyusb/src/class/cdc/cdc_device.c.obj
                0x100055a0                tud_cdc_n_write_available
 .text.cdcd_init
                0x100055b8       0x7c CMakeFiles/robot.dir/home/parker/.pico-sdk/lib/tinyusb/src/class/cdc/cdc_device.c.obj
                0x100055b8                cdcd_init
 .text.cdcd_deinit
                0x10005634       0x30 CMakeFiles/robot.dir/home/parker/.pico-sdk/lib/tinyusb/src/class/cdc/cdc_device.c.obj
                0x10005634                cdcd_deinit
 .text.cdcd_reset
                0x10005664       0x4c CMakeFiles/robot.dir/home/parker/.pico-sdk/lib/tinyusb/src/class/cdc/cdc_device.c.obj
                0x10005664                cdcd_reset
 .text.cdcd_open
                0x100056b0       0xb0 CMakeFiles/robot.dir/home/parker/.pico-sdk/lib/tinyusb/src/class/cdc/cdc_device.c.obj
                0x100056b0                cdcd_open
 .text.cdcd_control_xfer_cb
                0x10005760       0xe4 CMakeFiles/robot.dir/home/parker/.pico-sdk/lib/tinyusb/src/class/cdc/cdc_device.c.obj
                0x10005760                cdcd_control_xfer_cb
 .text.cdcd_xfer_cb
                0x10005844      0x100 CMakeFiles/robot.dir/home/parker/.pico-sdk/lib/tinyusb/src/class/cdc/cdc_device.c.obj
                0x10005844                cdcd_xfer_cb
 .text.tud_vendor_n_write_flush
                0x10005944       0x78 CMakeFiles/robot.dir/home/parker/.pico-sdk/lib/tinyusb/src/class/vendor/vendor_device.c.obj
                0x10005944                tud_vendor_n_write_flush
 .text.vendord_init
                0x100059bc       0x64 CMakeFiles/robot.dir/home/parker/.pico-sdk/lib/tinyusb/src/class/vendor/vendor_device.c.obj
                0x100059bc                vendord_init
 .text.vendord_deinit
                0x10005a20       0x34 CMakeFiles/robot.dir/home/parker/.pico-sdk/lib/tinyusb/src/class/vendor/vendor_device.c.obj
                0x10005a20                vendord_deinit
 .text.vendord_reset
                0x10005a54       0x1c CMakeFiles/robot.dir/home/parker/.pico-sdk/lib/tinyusb/src/class/vendor/vendor_device.c.obj
                0x10005a54                vendord_reset
 .text.vendord_open
                0x10005a70       0xd8 CMakeFiles/robot.dir/home/parker/.pico-sdk/lib/tinyusb/src/class/vendor/vendor_device.c.obj
                0x10005a70                vendord_open
 .text.vendord_xfer_cb
                0x10005b48       0xc8 CMakeFiles/robot.dir/home/parker/.pico-sdk/lib/tinyusb/src/class/vendor/vendor_device.c.obj
                0x10005b48                vendord_xfer_cb
 .text.tusb_init
                0x10005c10        0xc CMakeFiles/robot.dir/home/parker/.pico-sdk/lib/tinyusb/src/tusb.c.obj
                0x10005c10                tusb_init
 .text.tu_edpt_claim
                0x10005c1c       0x50 CMakeFiles/robot.dir/home/parker/.pico-sdk/lib/tinyusb/src/tusb.c.obj
                0x10005c1c                tu_edpt_claim
 .text.tu_edpt_release
                0x10005c6c       0x38 CMakeFiles/robot.dir/home/parker/.pico-sdk/lib/tinyusb/src/tusb.c.obj
                0x10005c6c                tu_edpt_release
 .text.tu_edpt_validate
                0x10005ca4       0x7c CMakeFiles/robot.dir/home/parker/.pico-sdk/lib/tinyusb/src/tusb.c.obj
                0x10005ca4                tu_edpt_validate
 .text.tu_edpt_bind_driver
                0x10005d20       0x34 CMakeFiles/robot.dir/home/parker/.pico-sdk/lib/tinyusb/src/tusb.c.obj
                0x10005d20                tu_edpt_bind_driver
 .text.tu_fifo_config
                0x10005d54       0x6c CMakeFiles/robot.dir/home/parker/.pico-sdk/lib/tinyusb/src/common/tusb_fifo.c.obj
                0x10005d54                tu_fifo_config
 .text.tu_fifo_count
                0x10005dc0       0x2c CMakeFiles/robot.dir/home/parker/.pico-sdk/lib/tinyusb/src/common/tusb_fifo.c.obj
                0x10005dc0                tu_fifo_count
 .text.tu_fifo_empty
                0x10005dec       0x10 CMakeFiles/robot.dir/home/parker/.pico-sdk/lib/tinyusb/src/common/tusb_fifo.c.obj
                0x10005dec                tu_fifo_empty
 .text.tu_fifo_remaining
                0x10005dfc       0x2c CMakeFiles/robot.dir/home/parker/.pico-sdk/lib/tinyusb/src/common/tusb_fifo.c.obj
                0x10005dfc                tu_fifo_remaining
 .text.tu_fifo_read
                0x10005e28       0x9c CMakeFiles/robot.dir/home/parker/.pico-sdk/lib/tinyusb/src/common/tusb_fifo.c.obj
                0x10005e28                tu_fifo_read
 .text.tu_fifo_read_n
                0x10005ec4       0xe8 CMakeFiles/robot.dir/home/parker/.pico-sdk/lib/tinyusb/src/common/tusb_fifo.c.obj
                0x10005ec4                tu_fifo_read_n
 .text.tu_fifo_write
                0x10005fac       0x88 CMakeFiles/robot.dir/home/parker/.pico-sdk/lib/tinyusb/src/common/tusb_fifo.c.obj
                0x10005fac                tu_fifo_write
 .text.tu_fifo_write_n
                0x10006034      0x170 CMakeFiles/robot.dir/home/parker/.pico-sdk/lib/tinyusb/src/common/tusb_fifo.c.obj
                0x10006034                tu_fifo_write_n
 .text.tu_fifo_clear
                0x100061a4       0x40 CMakeFiles/robot.dir/home/parker/.pico-sdk/lib/tinyusb/src/common/tusb_fifo.c.obj
                0x100061a4                tu_fifo_clear
 .text.tu_fifo_set_overwritable
                0x100061e4       0x48 CMakeFiles/robot.dir/home/parker/.pico-sdk/lib/tinyusb/src/common/tusb_fifo.c.obj
                0x100061e4                tu_fifo_set_overwritable
 .text.spi_init
                0x1000622c      0x140 CMakeFiles/robot.dir/home/parker/.pico-sdk/src/rp2_common/hardware_spi/spi.c.obj
                0x1000622c                spi_init
 .text          0x1000636c       0x5c /usr/lib/gcc/arm-none-eabi/12.2.1/../../../arm-none-eabi/lib/thumb/v6-m/nofp/libg.a(lib_a-strlen-stub.o)
                0x1000636c                strlen
 *(.fini)
 .fini          0x100063c8        0x4 /usr/lib/gcc/arm-none-eabi/12.2.1/thumb/v6-m/nofp/crti.o
                0x100063c8                _fini
 *fill*         0x100063cc        0x4 
 .fini.__stub   0x100063d0       0xe0 linker stubs
 *crtbegin.o(.ctors)
 *crtbegin?.o(.ctors)
 *(EXCLUDE_FILE(*crtend.o *crtend?.o) .ctors)
 *(SORT_BY_NAME(.ctors.*))
 *(.ctors)
 *crtbegin.o(.dtors)
 *crtbegin?.o(.dtors)
 *(EXCLUDE_FILE(*crtend.o *crtend?.o) .dtors)
 *(SORT_BY_NAME(.dtors.*))
 *(.dtors)
                0x100064b0                        . = ALIGN (0x4)
                0x100064b0                        PROVIDE (__preinit_array_start = .)
 *(SORT_BY_NAME(.preinit_array.*))
 .preinit_array.00100
                0x100064b0        0x4 CMakeFiles/robot.dir/home/parker/.pico-sdk/src/rp2_common/pico_runtime_init/runtime_init.c.obj
                0x100064b0                __pre_init_runtime_init_early_resets
 .preinit_array.00101
                0x100064b4        0x4 CMakeFiles/robot.dir/home/parker/.pico-sdk/src/rp2_common/pico_runtime_init/runtime_init.c.obj
                0x100064b4                __pre_init_runtime_init_usb_power_down
 .preinit_array.00275
                0x100064b8        0x4 CMakeFiles/robot.dir/home/parker/.pico-sdk/src/rp2_common/pico_bit_ops/bit_ops_aeabi.S.obj
 .preinit_array.00300
                0x100064bc        0x4 CMakeFiles/robot.dir/home/parker/.pico-sdk/src/rp2_common/pico_mem_ops/mem_ops_aeabi.S.obj
 .preinit_array.00350
                0x100064c0        0x4 CMakeFiles/robot.dir/home/parker/.pico-sdk/src/rp2_common/pico_double/double_aeabi_rp2040.S.obj
 .preinit_array.00350
                0x100064c4        0x4 CMakeFiles/robot.dir/home/parker/.pico-sdk/src/rp2_common/pico_float/float_aeabi_rp2040.S.obj
 .preinit_array.00500
                0x100064c8        0x4 CMakeFiles/robot.dir/home/parker/.pico-sdk/src/rp2_common/pico_runtime_init/runtime_init.c.obj
                0x100064c8                __pre_init_runtime_init_clocks
 .preinit_array.00600
                0x100064cc        0x4 CMakeFiles/robot.dir/home/parker/.pico-sdk/src/rp2_common/pico_runtime_init/runtime_init.c.obj
                0x100064cc                __pre_init_runtime_init_post_clock_resets
 .preinit_array.00700
                0x100064d0        0x4 CMakeFiles/robot.dir/home/parker/.pico-sdk/src/rp2_common/pico_runtime_init/runtime_init.c.obj
                0x100064d0                __pre_init_runtime_init_rp2040_gpio_ie_disable
 .preinit_array.01000
                0x100064d4        0x4 CMakeFiles/robot.dir/home/parker/.pico-sdk/src/rp2_common/pico_runtime_init/runtime_init.c.obj
                0x100064d4                __pre_init_runtime_init_spin_locks_reset
 .preinit_array.01100
                0x100064d8        0x4 CMakeFiles/robot.dir/home/parker/.pico-sdk/src/common/pico_sync/mutex.c.obj
                0x100064d8                __pre_init_runtime_init_mutex
 .preinit_array.10080
                0x100064dc        0x4 CMakeFiles/robot.dir/home/parker/.pico-sdk/src/rp2_common/pico_runtime_init/runtime_init.c.obj
                0x100064dc                __pre_init_runtime_init_install_ram_vector_table
 .preinit_array.11000
                0x100064e0        0x4 CMakeFiles/robot.dir/home/parker/.pico-sdk/src/common/pico_time/time.c.obj
                0x100064e0                __pre_init_runtime_init_default_alarm_pool
 .preinit_array.YYYYY
                0x100064e4        0x4 CMakeFiles/robot.dir/home/parker/.pico-sdk/src/rp2_common/pico_runtime/runtime.c.obj
                0x100064e4                __pre_init_first_per_core_initializer
 .preinit_array.ZZZZZ.01200
                0x100064e8        0x4 CMakeFiles/robot.dir/home/parker/.pico-sdk/src/rp2_common/hardware_irq/irq.c.obj
                0x100064e8                __pre_init_runtime_init_per_core_irq_priorities
 *(.preinit_array)
                0x100064ec                        PROVIDE (__preinit_array_end = .)
                0x100064ec                        . = ALIGN (0x4)
                0x100064ec                        PROVIDE (__init_array_start = .)
 *(SORT_BY_NAME(.init_array.*))
 *(.init_array)
 .init_array    0x100064ec        0x4 /usr/lib/gcc/arm-none-eabi/12.2.1/thumb/v6-m/nofp/crtbegin.o
 .init_array    0x100064f0        0x4 CMakeFiles/robot.dir/home/parker/.pico-sdk/src/rp2_common/pico_unique_id/unique_id.c.obj
                0x100064f4                        PROVIDE (__init_array_end = .)
                0x100064f4                        . = ALIGN (0x4)
                0x100064f4                        PROVIDE (__fini_array_start = .)
 *(SORT_BY_NAME(.fini_array.*))
 *(.fini_array)
                0x100064f4                        PROVIDE (__fini_array_end = .)
 *(.eh_frame*)
 .eh_frame      0x100064f4        0x0 /usr/lib/gcc/arm-none-eabi/12.2.1/thumb/v6-m/nofp/crtbegin.o
                0x100064f4                        . = ALIGN (0x4)

.glue_7         0x100064f4        0x0
 .glue_7        0x100064f4        0x0 linker stubs

.glue_7t        0x100064f4        0x0
 .glue_7t       0x100064f4        0x0 linker stubs

.vfp11_veneer   0x100064f4        0x0
 .vfp11_veneer  0x100064f4        0x0 linker stubs

.v4_bx          0x100064f4        0x0
 .v4_bx         0x100064f4        0x0 linker stubs

.iplt           0x100064f4        0x0
 .iplt          0x100064f4        0x0 /usr/lib/gcc/arm-none-eabi/12.2.1/thumb/v6-m/nofp/crtbegin.o

.rodata         0x100064f8      0x628
 *(EXCLUDE_FILE(*libm.a: *libc.a:*lib_a-mem*.o *libgcc.a:) .rodata*)
 .rodata.main.str1.4
                0x100064f8       0x18 CMakeFiles/robot.dir/src/main.c.obj
 .rodata.panic.str1.4
                0x10006510       0x12 CMakeFiles/robot.dir/home/parker/.pico-sdk/src/rp2_common/pico_platform_panic/panic.c.obj
 *fill*         0x10006522        0x2 
 .rodata.spin_lock_claim_unused.str1.4
                0x10006524       0x1b CMakeFiles/robot.dir/home/parker/.pico-sdk/src/rp2_common/hardware_sync/sync.c.obj
 *fill*         0x1000653f        0x1 
 .rodata.user_irq_claim_unused.str1.4
                0x10006540       0x1b CMakeFiles/robot.dir/home/parker/.pico-sdk/src/rp2_common/hardware_irq/irq.c.obj
 *fill*         0x1000655b        0x1 
 .rodata.timer_hardware_alarm_claim.str1.4
                0x1000655c       0x22 CMakeFiles/robot.dir/home/parker/.pico-sdk/src/rp2_common/hardware_timer/timer.c.obj
 *fill*         0x1000657e        0x2 
 .rodata.hard_assertion_failure.str1.4
                0x10006580        0xc CMakeFiles/robot.dir/home/parker/.pico-sdk/src/rp2_common/pico_runtime/runtime.c.obj
 .rodata.missing_double_func_shim.str1.4
                0x1000658c       0x18 CMakeFiles/robot.dir/home/parker/.pico-sdk/src/rp2_common/pico_double/double_init_rom_rp2040.c.obj
 .rodata.missing_float_func_shim.str1.4
                0x100065a4       0x18 CMakeFiles/robot.dir/home/parker/.pico-sdk/src/rp2_common/pico_float/float_init_rom_rp2040.c.obj
                                  0x1 (size before relaxing)
 .rodata.str1.4
                0x100065a4       0x2c CMakeFiles/robot.dir/home/parker/.pico-sdk/src/rp2_common/pico_standard_binary_info/standard_binary_info.c.obj
 .rodata.__bi_84
                0x100065d0        0xc CMakeFiles/robot.dir/home/parker/.pico-sdk/src/rp2_common/pico_standard_binary_info/standard_binary_info.c.obj
 .rodata.__bi_54
                0x100065dc        0xc CMakeFiles/robot.dir/home/parker/.pico-sdk/src/rp2_common/pico_standard_binary_info/standard_binary_info.c.obj
 .rodata.__bi_48
                0x100065e8        0xc CMakeFiles/robot.dir/home/parker/.pico-sdk/src/rp2_common/pico_standard_binary_info/standard_binary_info.c.obj
 .rodata.__bi_42
                0x100065f4        0xc CMakeFiles/robot.dir/home/parker/.pico-sdk/src/rp2_common/pico_standard_binary_info/standard_binary_info.c.obj
 .rodata.__bi_34
                0x10006600        0xc CMakeFiles/robot.dir/home/parker/.pico-sdk/src/rp2_common/pico_standard_binary_info/standard_binary_info.c.obj
 .rodata.__bi_26
                0x1000660c        0xc CMakeFiles/robot.dir/home/parker/.pico-sdk/src/rp2_common/pico_standard_binary_info/standard_binary_info.c.obj
 .rodata._ftoa.str1.4
                0x10006618       0x15 CMakeFiles/robot.dir/home/parker/.pico-sdk/src/rp2_common/pico_printf/printf.c.obj
 *fill*         0x1000662d        0x3 
 .rodata._vsnprintf
                0x10006630      0x19c CMakeFiles/robot.dir/home/parker/.pico-sdk/src/rp2_common/pico_printf/printf.c.obj
 *fill*         0x100067cc        0x4 
 .rodata.pow10.0
                0x100067d0       0x50 CMakeFiles/robot.dir/home/parker/.pico-sdk/src/rp2_common/pico_printf/printf.c.obj
 .rodata.crlf_str.0
                0x10006820        0x2 CMakeFiles/robot.dir/home/parker/.pico-sdk/src/rp2_common/pico_stdio/stdio.c.obj
 *fill*         0x10006822        0x2 
 .rodata._resetd_driver
                0x10006824       0x20 CMakeFiles/robot.dir/home/parker/.pico-sdk/src/rp2_common/pico_stdio_usb/reset_interface.c.obj
 .rodata.desc_ms_os_20
                0x10006844       0xa6 CMakeFiles/robot.dir/home/parker/.pico-sdk/src/rp2_common/pico_stdio_usb/reset_interface.c.obj
 *fill*         0x100068ea        0x2 
 .rodata.desc_bos
                0x100068ec       0x21 CMakeFiles/robot.dir/home/parker/.pico-sdk/src/rp2_common/pico_stdio_usb/reset_interface.c.obj
                0x100068ec                desc_bos
 *fill*         0x1000690d        0x3 
 .rodata.str1.4
                0x10006910       0x13 CMakeFiles/robot.dir/home/parker/.pico-sdk/src/rp2_common/pico_stdio_usb/stdio_usb.c.obj
 *fill*         0x10006923        0x1 
 .rodata.__bi_197.0
                0x10006924        0xc CMakeFiles/robot.dir/home/parker/.pico-sdk/src/rp2_common/pico_stdio_usb/stdio_usb.c.obj
 .rodata.str1.4
                0x10006930       0x2a CMakeFiles/robot.dir/home/parker/.pico-sdk/src/rp2_common/pico_stdio_usb/stdio_usb_descriptors.c.obj
 *fill*         0x1000695a        0x2 
 .rodata.usbd_desc_str
                0x1000695c       0x18 CMakeFiles/robot.dir/home/parker/.pico-sdk/src/rp2_common/pico_stdio_usb/stdio_usb_descriptors.c.obj
 .rodata.usbd_desc_cfg
                0x10006974       0x54 CMakeFiles/robot.dir/home/parker/.pico-sdk/src/rp2_common/pico_stdio_usb/stdio_usb_descriptors.c.obj
 .rodata.usbd_desc_device
                0x100069c8       0x12 CMakeFiles/robot.dir/home/parker/.pico-sdk/src/rp2_common/pico_stdio_usb/stdio_usb_descriptors.c.obj
 *fill*         0x100069da        0x2 
 .rodata.str1.4
                0x100069dc       0x14 CMakeFiles/robot.dir/home/parker/.pico-sdk/lib/tinyusb/src/portable/raspberrypi/rp2040/dcd_rp2040.c.obj
 .rodata.str1.4
                0x100069f0       0x48 CMakeFiles/robot.dir/home/parker/.pico-sdk/lib/tinyusb/src/portable/raspberrypi/rp2040/rp2040_usb.c.obj
 .rodata.tud_task_ext
                0x10006a38       0x8c CMakeFiles/robot.dir/home/parker/.pico-sdk/lib/tinyusb/src/device/usbd.c.obj
 .rodata        0x10006ac4       0x1c CMakeFiles/robot.dir/home/parker/.pico-sdk/lib/tinyusb/src/device/usbd.c.obj
 .rodata._usbd_driver
                0x10006ae0       0x40 CMakeFiles/robot.dir/home/parker/.pico-sdk/lib/tinyusb/src/device/usbd.c.obj
                0x10006b20                        . = ALIGN (0x4)
 *(SORT_BY_ALIGNMENT(SORT_BY_NAME(.flashdata*)))
                0x10006b20                        . = ALIGN (0x4)

.ARM.extab
 *(.ARM.extab* .gnu.linkonce.armextab.*)
                0x10006b20                        __exidx_start = .

.ARM.exidx
 *(.ARM.exidx* .gnu.linkonce.armexidx.*)
                0x10006b20                        __exidx_end = .
                0x10006b20                        . = ALIGN (0x4)
                0x10006b20                        __binary_info_start = .

.binary_info    0x10006b20       0x1c
 *(.binary_info.keep.*)
 .binary_info.keep.__bi_ptr84
                0x10006b20        0x4 CMakeFiles/robot.dir/home/parker/.pico-sdk/src/rp2_common/pico_standard_binary_info/standard_binary_info.c.obj
 .binary_info.keep.__bi_ptr54
                0x10006b24        0x4 CMakeFiles/robot.dir/home/parker/.pico-sdk/src/rp2_common/pico_standard_binary_info/standard_binary_info.c.obj
 .binary_info.keep.__bi_ptr48
                0x10006b28        0x4 CMakeFiles/robot.dir/home/parker/.pico-sdk/src/rp2_common/pico_standard_binary_info/standard_binary_info.c.obj
 .binary_info.keep.__bi_ptr42
                0x10006b2c        0x4 CMakeFiles/robot.dir/home/parker/.pico-sdk/src/rp2_common/pico_standard_binary_info/standard_binary_info.c.obj
 .binary_info.keep.__bi_ptr34
                0x10006b30        0x4 CMakeFiles/robot.dir/home/parker/.pico-sdk/src/rp2_common/pico_standard_binary_info/standard_binary_info.c.obj
 .binary_info.keep.__bi_ptr26
                0x10006b34        0x4 CMakeFiles/robot.dir/home/parker/.pico-sdk/src/rp2_common/pico_standard_binary_info/standard_binary_info.c.obj
 *(.binary_info.*)
 .binary_info.__bi_ptr197
                0x10006b38        0x4 CMakeFiles/robot.dir/home/parker/.pico-sdk/src/rp2_common/pico_stdio_usb/stdio_usb.c.obj
                0x10006b3c                        __binary_info_end = .

.rel.dyn        0x10006b3c        0x0
 .rel.iplt      0x10006b3c        0x0 /usr/lib/gcc/arm-none-eabi/12.2.1/thumb/v6-m/nofp/crtbegin.o
                0x10006b3c                        . = ALIGN (0x4)

.ram_vector_table
                0x20000000       0xc0
 *(.ram_vector_table)
 .ram_vector_table
                0x20000000       0xc0 CMakeFiles/robot.dir/home/parker/.pico-sdk/src/rp2_common/pico_runtime_init/runtime_init.c.obj
                0x20000000                ram_vector_table

.uninitialized_data
                0x200000c0        0x0
                0x200000c0                        . = ALIGN (0x4)
 *(.uninitialized_data*)

.data           0x200000c0     0x1060 load address 0x10006b3c
                0x200000c0                        __data_start__ = .
 *(vtable)
 *(.time_critical*)
 .time_critical.mutex_try_enter
                0x200000c0       0x40 CMakeFiles/robot.dir/home/parker/.pico-sdk/src/common/pico_sync/mutex.c.obj
                0x200000c0                mutex_try_enter
 .time_critical.mutex_try_enter_block_until
                0x20000100       0x9c CMakeFiles/robot.dir/home/parker/.pico-sdk/src/common/pico_sync/mutex.c.obj
                0x20000100                mutex_try_enter_block_until
 .time_critical.mutex_enter_timeout_ms
                0x2000019c       0x90 CMakeFiles/robot.dir/home/parker/.pico-sdk/src/common/pico_sync/mutex.c.obj
                0x2000019c                mutex_enter_timeout_ms
 .time_critical.mutex_exit
                0x2000022c       0x28 CMakeFiles/robot.dir/home/parker/.pico-sdk/src/common/pico_sync/mutex.c.obj
                0x2000022c                mutex_exit
 .time_critical.flash_init_boot2_copyout
                0x20000254       0x30 CMakeFiles/robot.dir/home/parker/.pico-sdk/src/rp2_common/hardware_flash/flash.c.obj
 .time_critical.flash_enable_xip_via_boot2
                0x20000284        0xc CMakeFiles/robot.dir/home/parker/.pico-sdk/src/rp2_common/hardware_flash/flash.c.obj
 .time_critical.flash_cs_force
                0x20000290       0x38 CMakeFiles/robot.dir/home/parker/.pico-sdk/src/rp2_common/hardware_flash/flash.c.obj
 .time_critical.flash_do_cmd
                0x200002c8       0xc0 CMakeFiles/robot.dir/home/parker/.pico-sdk/src/rp2_common/hardware_flash/flash.c.obj
                0x200002c8                flash_do_cmd
 .time_critical.reset_non_control_endpoints
                0x20000388       0x68 CMakeFiles/robot.dir/home/parker/.pico-sdk/lib/tinyusb/src/portable/raspberrypi/rp2040/dcd_rp2040.c.obj
 .time_critical.hw_handle_buff_status
                0x200003f0       0xac CMakeFiles/robot.dir/home/parker/.pico-sdk/lib/tinyusb/src/portable/raspberrypi/rp2040/dcd_rp2040.c.obj
 .time_critical.dcd_rp2040_irq
                0x2000049c      0x584 CMakeFiles/robot.dir/home/parker/.pico-sdk/lib/tinyusb/src/portable/raspberrypi/rp2040/dcd_rp2040.c.obj
 .time_critical.prepare_ep_buffer
                0x20000a20       0xe0 CMakeFiles/robot.dir/home/parker/.pico-sdk/lib/tinyusb/src/portable/raspberrypi/rp2040/rp2040_usb.c.obj
 .time_critical.sync_ep_buffer
                0x20000b00       0xa8 CMakeFiles/robot.dir/home/parker/.pico-sdk/lib/tinyusb/src/portable/raspberrypi/rp2040/rp2040_usb.c.obj
 .time_critical._hw_endpoint_xfer_sync
                0x20000ba8       0x28 CMakeFiles/robot.dir/home/parker/.pico-sdk/lib/tinyusb/src/portable/raspberrypi/rp2040/rp2040_usb.c.obj
 .time_critical.e15_is_bulkin_ep
                0x20000bd0       0x28 CMakeFiles/robot.dir/home/parker/.pico-sdk/lib/tinyusb/src/portable/raspberrypi/rp2040/rp2040_usb.c.obj
 .time_critical.e15_is_critical_frame_period
                0x20000bf8       0x34 CMakeFiles/robot.dir/home/parker/.pico-sdk/lib/tinyusb/src/portable/raspberrypi/rp2040/rp2040_usb.c.obj
 .time_critical.hw_endpoint_reset_transfer
                0x20000c2c        0xc CMakeFiles/robot.dir/home/parker/.pico-sdk/lib/tinyusb/src/portable/raspberrypi/rp2040/rp2040_usb.c.obj
                0x20000c2c                hw_endpoint_reset_transfer
 .time_critical._hw_endpoint_buffer_control_update32
                0x20000c38       0x50 CMakeFiles/robot.dir/home/parker/.pico-sdk/lib/tinyusb/src/portable/raspberrypi/rp2040/rp2040_usb.c.obj
                0x20000c38                _hw_endpoint_buffer_control_update32
 .time_critical.hw_endpoint_start_next_buffer
                0x20000c88       0x6c CMakeFiles/robot.dir/home/parker/.pico-sdk/lib/tinyusb/src/portable/raspberrypi/rp2040/rp2040_usb.c.obj
                0x20000c88                hw_endpoint_start_next_buffer
 .time_critical.hw_endpoint_xfer_continue
                0x20000cf4       0x40 CMakeFiles/robot.dir/home/parker/.pico-sdk/lib/tinyusb/src/portable/raspberrypi/rp2040/rp2040_usb.c.obj
                0x20000cf4                hw_endpoint_xfer_continue
 .time_critical.tinyusb
                0x20000d34      0x1e4 CMakeFiles/robot.dir/home/parker/.pico-sdk/lib/tinyusb/src/device/usbd.c.obj
                0x20000d34                dcd_event_handler
 .time_critical.spi_write_blocking
                0x20000f18       0x4c CMakeFiles/robot.dir/home/parker/.pico-sdk/src/rp2_common/hardware_spi/spi.c.obj
                0x20000f18                spi_write_blocking
 .time_critical.spi_read_blocking
                0x20000f64       0x68 CMakeFiles/robot.dir/home/parker/.pico-sdk/src/rp2_common/hardware_spi/spi.c.obj
                0x20000f64                spi_read_blocking
 *(.text*)
 .text          0x20000fcc        0x4 /usr/lib/gcc/arm-none-eabi/12.2.1/thumb/v6-m/nofp/libgcc.a(_dvmd_tls.o)
                0x20000fcc                __aeabi_ldiv0
                0x20000fcc                __aeabi_idiv0
 .text.__stub   0x20000fd0       0x80 linker stubs
                0x20001050                        . = ALIGN (0x4)
 *(.rodata*)
                0x20001050                        . = ALIGN (0x4)
 *(.data*)
 .data.striped_spin_lock_num
                0x20001050        0x1 CMakeFiles/robot.dir/home/parker/.pico-sdk/src/rp2_common/hardware_sync/sync.c.obj
 *fill*         0x20001051        0x3 
 .data          0x20001054       0x48 CMakeFiles/robot.dir/home/parker/.pico-sdk/src/rp2_common/hardware_irq/irq_handler_chain.S.obj
                0x20001054                irq_handler_chain_slots
                0x20001084                irq_handler_chain_first_slot
                0x2000108e                irq_handler_chain_remove_tail
 .data.default_alarm_pool
                0x2000109c       0x18 CMakeFiles/robot.dir/home/parker/.pico-sdk/src/common/pico_time/time.c.obj
 *fill*         0x200010b4        0xc 
 .data.aeabi_bits_funcs
                0x200010c0       0x10 CMakeFiles/robot.dir/home/parker/.pico-sdk/src/rp2_common/pico_bit_ops/bit_ops_aeabi.S.obj
                0x200010c0                aeabi_bits_funcs
                0x200010d0                aeabi_bits_funcs_end
 .data.aeabi_mem_funcs
                0x200010d0       0x10 CMakeFiles/robot.dir/home/parker/.pico-sdk/src/rp2_common/pico_mem_ops/mem_ops_aeabi.S.obj
                0x200010d0                aeabi_mem_funcs
                0x200010e0                aeabi_mem_funcs_end
 .data.stdio_usb
                0x200010e0       0x18 CMakeFiles/robot.dir/home/parker/.pico-sdk/src/rp2_common/pico_stdio_usb/stdio_usb.c.obj
                0x200010e0                stdio_usb
 .data._usbd_qdef
                0x200010f8       0x1c CMakeFiles/robot.dir/home/parker/.pico-sdk/lib/tinyusb/src/device/usbd.c.obj
                0x200010f8                _usbd_qdef
 .data._usbd_rhport
                0x20001114        0x1 CMakeFiles/robot.dir/home/parker/.pico-sdk/lib/tinyusb/src/device/usbd.c.obj
                0x20001118                        . = ALIGN (0x4)
 *fill*         0x20001115        0x3 
 *(.after_data.*)
                0x20001118                        . = ALIGN (0x4)
                0x20001118                        PROVIDE (__mutex_array_start = .)
 *(SORT_BY_NAME(.mutex_array.*))
 *(.mutex_array)
 .mutex_array   0x20001118        0x8 CMakeFiles/robot.dir/home/parker/.pico-sdk/src/rp2_common/pico_stdio/stdio.c.obj
                0x20001120                        PROVIDE (__mutex_array_end = .)
                0x20001120                        . = ALIGN (0x4)
 *(.jcr)
                0x20001120                        . = ALIGN (0x4)

.tm_clone_table
                0x20001120        0x0 load address 0x10007b9c
 .tm_clone_table
                0x20001120        0x0 /usr/lib/gcc/arm-none-eabi/12.2.1/thumb/v6-m/nofp/crtbegin.o
 .tm_clone_table
                0x20001120        0x0 /usr/lib/gcc/arm-none-eabi/12.2.1/thumb/v6-m/nofp/crtend.o

.igot.plt       0x20001120        0x0 load address 0x10007b9c
 .igot.plt      0x20001120        0x0 /usr/lib/gcc/arm-none-eabi/12.2.1/thumb/v6-m/nofp/crtbegin.o

.tdata          0x20001120        0x0 load address 0x10007b9c
                0x20001120                        . = ALIGN (0x4)
 *(.tdata .tdata.* .gnu.linkonce.td.*)
                0x20001120                        __tdata_end = .
                0x20001120                        PROVIDE (__data_end__ = .)
                0x10006b3c                        __etext = LOADADDR (.data)

.tbss           0x20001120        0x0 load address 0x10007b9c
                0x20001120                        . = ALIGN (0x4)
                0x20001120                        __bss_start__ = .
                0x20001120                        __tls_base = .
 *(.tbss .tbss.* .gnu.linkonce.tb.*)
 *(.tcommon)
                0x20001120                        __tls_end = .

.bss            0x20001120     0x1070 load address 0x10007b9c
                0x20001120                        . = ALIGN (0x4)
                0x20001120                        __tbss_end = .
 *(SORT_BY_ALIGNMENT(SORT_BY_NAME(.bss*)))
 .bss._vendord_itf
                0x20001120      0x2bc CMakeFiles/robot.dir/home/parker/.pico-sdk/lib/tinyusb/src/class/vendor/vendor_device.c.obj
 *fill*         0x200013dc        0x4 
 .bss.default_alarm_pool_entries
                0x200013e0      0x180 CMakeFiles/robot.dir/home/parker/.pico-sdk/src/common/pico_time/time.c.obj
 .bss.last_avail_time.1
                0x20001560        0x8 CMakeFiles/robot.dir/home/parker/.pico-sdk/src/rp2_common/pico_stdio_usb/stdio_usb.c.obj
 .bss.sd_table  0x20001568      0x100 CMakeFiles/robot.dir/home/parker/.pico-sdk/src/rp2_common/pico_double/double_init_rom_rp2040.c.obj
                0x20001568                sd_table
 .bss           0x20001668       0x1c /usr/lib/gcc/arm-none-eabi/12.2.1/thumb/v6-m/nofp/crtbegin.o
 .bss._app_driver
                0x20001684        0x4 CMakeFiles/robot.dir/home/parker/.pico-sdk/lib/tinyusb/src/device/usbd.c.obj
 .bss._cdcd_fifo_cfg
                0x20001688        0x1 CMakeFiles/robot.dir/home/parker/.pico-sdk/lib/tinyusb/src/class/cdc/cdc_device.c.obj
 *fill*         0x20001689        0x3 
 .bss._cdcd_itf
                0x2000168c      0x2c8 CMakeFiles/robot.dir/home/parker/.pico-sdk/lib/tinyusb/src/class/cdc/cdc_device.c.obj
 .bss._ctrl_xfer
                0x20001954       0x14 CMakeFiles/robot.dir/home/parker/.pico-sdk/lib/tinyusb/src/device/usbd_control.c.obj
 .bss._ubsd_mutexdef
                0x20001968        0x8 CMakeFiles/robot.dir/home/parker/.pico-sdk/lib/tinyusb/src/device/usbd.c.obj
 .bss._usbd_ctrl_buf
                0x20001970       0x40 CMakeFiles/robot.dir/home/parker/.pico-sdk/lib/tinyusb/src/device/usbd_control.c.obj
 .bss._usbd_dev
                0x200019b0       0x54 CMakeFiles/robot.dir/home/parker/.pico-sdk/lib/tinyusb/src/device/usbd.c.obj
 .bss._usbd_mutex
                0x20001a04        0x4 CMakeFiles/robot.dir/home/parker/.pico-sdk/lib/tinyusb/src/device/usbd.c.obj
 .bss._usbd_q   0x20001a08        0x4 CMakeFiles/robot.dir/home/parker/.pico-sdk/lib/tinyusb/src/device/usbd.c.obj
 .bss._usbd_qdef_buf
                0x20001a0c       0xc0 CMakeFiles/robot.dir/home/parker/.pico-sdk/lib/tinyusb/src/device/usbd.c.obj
                0x20001a0c                _usbd_qdef_buf
 .bss.boot2_copyout
                0x20001acc      0x100 CMakeFiles/robot.dir/home/parker/.pico-sdk/src/rp2_common/hardware_flash/flash.c.obj
 .bss.chars_available_callback
                0x20001bcc        0x4 CMakeFiles/robot.dir/home/parker/.pico-sdk/src/rp2_common/pico_stdio_usb/stdio_usb.c.obj
 .bss.chars_available_param
                0x20001bd0        0x4 CMakeFiles/robot.dir/home/parker/.pico-sdk/src/rp2_common/pico_stdio_usb/stdio_usb.c.obj
 .bss.claimed   0x20001bd4        0x4 CMakeFiles/robot.dir/home/parker/.pico-sdk/src/rp2_common/hardware_sync/sync.c.obj
 .bss.claimed   0x20001bd8        0x1 CMakeFiles/robot.dir/home/parker/.pico-sdk/src/rp2_common/hardware_timer/timer.c.obj
 *fill*         0x20001bd9        0x3 
 .bss.configured_freq
                0x20001bdc       0x28 CMakeFiles/robot.dir/home/parker/.pico-sdk/src/rp2_common/hardware_clocks/clocks.c.obj
 .bss.desc_str.0
                0x20001c04       0x28 CMakeFiles/robot.dir/home/parker/.pico-sdk/src/rp2_common/pico_stdio_usb/stdio_usb_descriptors.c.obj
 .bss.drivers   0x20001c2c        0x4 CMakeFiles/robot.dir/home/parker/.pico-sdk/src/rp2_common/pico_stdio/stdio.c.obj
 .bss.e15_last_sof
                0x20001c30        0x4 CMakeFiles/robot.dir/home/parker/.pico-sdk/lib/tinyusb/src/portable/raspberrypi/rp2040/rp2040_usb.c.obj
                0x20001c30                e15_last_sof
 .bss.filter    0x20001c34        0x4 CMakeFiles/robot.dir/home/parker/.pico-sdk/src/rp2_common/pico_stdio/stdio.c.obj
 .bss.hw_endpoints
                0x20001c38      0x400 CMakeFiles/robot.dir/home/parker/.pico-sdk/lib/tinyusb/src/portable/raspberrypi/rp2040/dcd_rp2040.c.obj
 .bss.lazy_vsnprintf
                0x20002038        0x4 CMakeFiles/robot.dir/home/parker/.pico-sdk/src/rp2_common/pico_printf/printf.c.obj
 .bss.load_value
                0x2000203c        0x4 CMakeFiles/robot.dir/home/parker/.pico-sdk/src/rp2_common/hardware_watchdog/watchdog.c.obj
 .bss.next_buffer_ptr
                0x20002040        0x4 CMakeFiles/robot.dir/home/parker/.pico-sdk/lib/tinyusb/src/portable/raspberrypi/rp2040/dcd_rp2040.c.obj
 .bss.one_shot_timer_crit_sec
                0x20002044        0x8 CMakeFiles/robot.dir/home/parker/.pico-sdk/src/rp2_common/pico_stdio_usb/stdio_usb.c.obj
 .bss.pools     0x2000204c       0x10 CMakeFiles/robot.dir/home/parker/.pico-sdk/src/common/pico_time/time.c.obj
 .bss.retrieved_id
                0x2000205c        0x8 CMakeFiles/robot.dir/home/parker/.pico-sdk/src/rp2_common/pico_unique_id/unique_id.c.obj
 .bss.sf_clz_func
                0x20002064        0x4 CMakeFiles/robot.dir/home/parker/.pico-sdk/src/rp2_common/pico_double/double_init_rom_rp2040.c.obj
                0x20002064                sf_clz_func
 .bss.sf_table  0x20002068      0x100 CMakeFiles/robot.dir/home/parker/.pico-sdk/src/rp2_common/pico_float/float_init_rom_rp2040.c.obj
                0x20002068                sf_table
 .bss.sleep_notifier
                0x20002168        0x4 CMakeFiles/robot.dir/home/parker/.pico-sdk/src/common/pico_time/time.c.obj
 .bss.stdio_usb_mutex
                0x2000216c        0x8 CMakeFiles/robot.dir/home/parker/.pico-sdk/src/rp2_common/pico_stdio_usb/stdio_usb.c.obj
 .bss.usbd_serial_str
                0x20002174       0x11 CMakeFiles/robot.dir/home/parker/.pico-sdk/src/rp2_common/pico_stdio_usb/stdio_usb_descriptors.c.obj
 .bss._app_driver_count
                0x20002185        0x1 CMakeFiles/robot.dir/home/parker/.pico-sdk/lib/tinyusb/src/device/usbd.c.obj
 .bss._sof_enable
                0x20002186        0x1 CMakeFiles/robot.dir/home/parker/.pico-sdk/lib/tinyusb/src/portable/raspberrypi/rp2040/dcd_rp2040.c.obj
 .bss._usbd_queued_setup
                0x20002187        0x1 CMakeFiles/robot.dir/home/parker/.pico-sdk/lib/tinyusb/src/device/usbd.c.obj
 .bss.boot2_copyout_valid
                0x20002188        0x1 CMakeFiles/robot.dir/home/parker/.pico-sdk/src/rp2_common/hardware_flash/flash.c.obj
 .bss.irq_handler_chain_free_slot_head
                0x20002189        0x1 CMakeFiles/robot.dir/home/parker/.pico-sdk/src/rp2_common/hardware_irq/irq.c.obj
 .bss.itf_num   0x2000218a        0x1 CMakeFiles/robot.dir/home/parker/.pico-sdk/src/rp2_common/pico_stdio_usb/reset_interface.c.obj
 .bss.low_priority_irq_num
                0x2000218b        0x1 CMakeFiles/robot.dir/home/parker/.pico-sdk/src/rp2_common/pico_stdio_usb/stdio_usb.c.obj
 .bss.one_shot_timer_pending
                0x2000218c        0x1 CMakeFiles/robot.dir/home/parker/.pico-sdk/src/rp2_common/pico_stdio_usb/stdio_usb.c.obj
 .bss.user_irq_claimed
                0x2000218d        0x1 CMakeFiles/robot.dir/home/parker/.pico-sdk/src/rp2_common/hardware_irq/irq.c.obj
 *(COMMON)
                0x20002190                        . = ALIGN (0x4)
 *fill*         0x2000218e        0x2 
                0x20002190                        __bss_end__ = .

.heap           0x20002190    0x3de70 load address 0x10007b9c
                0x20002190                        __end__ = .
                0x20002190                        end = __end__
 *(.heap*)
 .heap          0x20002190      0x800 CMakeFiles/robot.dir/home/parker/.pico-sdk/src/rp2_common/pico_crt0/crt0.S.obj
                0x20040000                        . = (ORIGIN (RAM) + LENGTH (RAM))
 *fill*         0x20002990    0x3d670 
                0x20040000                        __HeapLimit = .

.scratch_x      0x20040000        0x0 load address 0x10007b9c
                0x20040000                        __scratch_x_start__ = .
 *(.scratch_x.*)
                0x20040000                        . = ALIGN (0x4)
                0x20040000                        __scratch_x_end__ = .
                0x10007b9c                        __scratch_x_source__ = LOADADDR (.scratch_x)

.scratch_y      0x20041000        0x0 load address 0x10007b9c
                0x20041000                        __scratch_y_start__ = .
 *(.scratch_y.*)
                0x20041000                        . = ALIGN (0x4)
                0x20041000                        __scratch_y_end__ = .
                0x10007b9c                        __scratch_y_source__ = LOADADDR (.scratch_y)

.stack1_dummy
 *(.stack1*)

.stack_dummy    0x20041000      0x800
 *(.stack*)
 .stack         0x20041000      0x800 CMakeFiles/robot.dir/home/parker/.pico-sdk/src/rp2_common/pico_crt0/crt0.S.obj

.flash_end      0x10007b9c        0x0
 *(.embedded_end_block*)
                0x10007b9c                        PROVIDE (__flash_binary_end = .)
                0x20040000                        __StackLimit = (ORIGIN (RAM) + LENGTH (RAM))
                0x20041000                        __StackOneTop = (ORIGIN (SCRATCH_X) + LENGTH (SCRATCH_X))
                0x20042000                        __StackTop = (ORIGIN (SCRATCH_Y) + LENGTH (SCRATCH_Y))
                0x20041000                        __StackOneBottom = (__StackOneTop - SIZEOF (.stack1_dummy))
                0x20041800                        __StackBottom = (__StackTop - SIZEOF (.stack_dummy))
                0x20042000                        PROVIDE (__stack = __StackTop)
                [!provide]                        PROVIDE (__heap_start = __end__)
                [!provide]                        PROVIDE (__heap_end = __HeapLimit)
                [!provide]                        PROVIDE (__tls_align = MAX (ALIGNOF (.tdata), ALIGNOF (.tbss)))
                [!provide]                        PROVIDE (__tls_size_align = (((__tls_size + __tls_align) - 0x1) & ~ ((__tls_align - 0x1))))
                [!provide]                        PROVIDE (__arm32_tls_tcb_offset = MAX (0x8, __tls_align))
                [!provide]                        PROVIDE (_end = __end__)
                [!provide]                        PROVIDE (__llvm_libc_heap_limit = __HeapLimit)
                0x00000001                        ASSERT ((__StackLimit >= __HeapLimit), region RAM overflowed)
                0x00000001                        ASSERT (((__binary_info_header_end - __logical_binary_start) <= 0x100), Binary info must be in first 256 bytes of the binary)
LOAD CMakeFiles/robot.dir/src/main.c.obj
LOAD CMakeFiles/robot.dir/src/spi.c.obj
LOAD CMakeFiles/robot.dir/src/motors.c.obj
LOAD CMakeFiles/robot.dir/src/accelerometer.c.obj
LOAD CMakeFiles/robot.dir/home/parker/.pico-sdk/src/rp2_common/pico_stdlib/stdlib.c.obj
LOAD CMakeFiles/robot.dir/home/parker/.pico-sdk/src/rp2_common/hardware_gpio/gpio.c.obj
LOAD CMakeFiles/robot.dir/home/parker/.pico-sdk/src/rp2040/pico_platform/platform.c.obj
LOAD CMakeFiles/robot.dir/home/parker/.pico-sdk/src/rp2_common/pico_platform_panic/panic.c.obj
LOAD CMakeFiles/robot.dir/home/parker/.pico-sdk/src/common/hardware_claim/claim.c.obj
LOAD CMakeFiles/robot.dir/home/parker/.pico-sdk/src/rp2_common/hardware_sync/sync.c.obj
LOAD CMakeFiles/robot.dir/home/parker/.pico-sdk/src/rp2_common/hardware_sync_spin_lock/sync_spin_lock.c.obj
LOAD CMakeFiles/robot.dir/home/parker/.pico-sdk/src/rp2_common/hardware_irq/irq.c.obj
LOAD CMakeFiles/robot.dir/home/parker/.pico-sdk/src/rp2_common/hardware_irq/irq_handler_chain.S.obj
LOAD CMakeFiles/robot.dir/home/parker/.pico-sdk/src/common/pico_sync/sem.c.obj
LOAD CMakeFiles/robot.dir/home/parker/.pico-sdk/src/common/pico_sync/lock_core.c.obj
LOAD CMakeFiles/robot.dir/home/parker/.pico-sdk/src/common/pico_sync/mutex.c.obj
LOAD CMakeFiles/robot.dir/home/parker/.pico-sdk/src/common/pico_sync/critical_section.c.obj
LOAD CMakeFiles/robot.dir/home/parker/.pico-sdk/src/common/pico_time/time.c.obj
LOAD CMakeFiles/robot.dir/home/parker/.pico-sdk/src/common/pico_time/timeout_helper.c.obj
LOAD CMakeFiles/robot.dir/home/parker/.pico-sdk/src/rp2_common/hardware_timer/timer.c.obj
LOAD CMakeFiles/robot.dir/home/parker/.pico-sdk/src/common/pico_util/datetime.c.obj
LOAD CMakeFiles/robot.dir/home/parker/.pico-sdk/src/common/pico_util/pheap.c.obj
LOAD CMakeFiles/robot.dir/home/parker/.pico-sdk/src/common/pico_util/queue.c.obj
LOAD CMakeFiles/robot.dir/home/parker/.pico-sdk/src/rp2_common/hardware_uart/uart.c.obj
LOAD CMakeFiles/robot.dir/home/parker/.pico-sdk/src/rp2_common/hardware_clocks/clocks.c.obj
LOAD CMakeFiles/robot.dir/home/parker/.pico-sdk/src/rp2_common/hardware_pll/pll.c.obj
LOAD CMakeFiles/robot.dir/home/parker/.pico-sdk/src/rp2_common/hardware_vreg/vreg.c.obj
LOAD CMakeFiles/robot.dir/home/parker/.pico-sdk/src/rp2_common/hardware_watchdog/watchdog.c.obj
LOAD CMakeFiles/robot.dir/home/parker/.pico-sdk/src/rp2_common/hardware_ticks/ticks.c.obj
LOAD CMakeFiles/robot.dir/home/parker/.pico-sdk/src/rp2_common/hardware_xosc/xosc.c.obj
LOAD CMakeFiles/robot.dir/home/parker/.pico-sdk/src/rp2_common/hardware_divider/divider.S.obj
LOAD CMakeFiles/robot.dir/home/parker/.pico-sdk/src/rp2_common/pico_runtime/runtime.c.obj
LOAD CMakeFiles/robot.dir/home/parker/.pico-sdk/src/rp2_common/pico_runtime_init/runtime_init.c.obj
LOAD CMakeFiles/robot.dir/home/parker/.pico-sdk/src/rp2_common/pico_runtime_init/runtime_init_clocks.c.obj
LOAD CMakeFiles/robot.dir/home/parker/.pico-sdk/src/rp2_common/pico_runtime_init/runtime_init_stack_guard.c.obj
LOAD CMakeFiles/robot.dir/home/parker/.pico-sdk/src/rp2_common/pico_bit_ops/bit_ops_aeabi.S.obj
LOAD CMakeFiles/robot.dir/home/parker/.pico-sdk/src/rp2_common/pico_bootrom/bootrom.c.obj
LOAD CMakeFiles/robot.dir/home/parker/.pico-sdk/src/rp2_common/pico_bootrom/bootrom_lock.c.obj
LOAD CMakeFiles/robot.dir/home/parker/.pico-sdk/src/rp2_common/hardware_boot_lock/boot_lock.c.obj
LOAD CMakeFiles/robot.dir/home/parker/.pico-sdk/src/rp2_common/pico_divider/divider_hardware.S.obj
LOAD CMakeFiles/robot.dir/home/parker/.pico-sdk/src/rp2_common/pico_double/double_aeabi_rp2040.S.obj
LOAD CMakeFiles/robot.dir/home/parker/.pico-sdk/src/rp2_common/pico_double/double_init_rom_rp2040.c.obj
LOAD CMakeFiles/robot.dir/home/parker/.pico-sdk/src/rp2_common/pico_double/double_math.c.obj
LOAD CMakeFiles/robot.dir/home/parker/.pico-sdk/src/rp2_common/pico_double/double_v1_rom_shim_rp2040.S.obj
LOAD CMakeFiles/robot.dir/home/parker/.pico-sdk/src/rp2_common/pico_int64_ops/pico_int64_ops_aeabi.S.obj
LOAD CMakeFiles/robot.dir/home/parker/.pico-sdk/src/rp2_common/pico_float/float_aeabi_rp2040.S.obj
LOAD CMakeFiles/robot.dir/home/parker/.pico-sdk/src/rp2_common/pico_float/float_init_rom_rp2040.c.obj
LOAD CMakeFiles/robot.dir/home/parker/.pico-sdk/src/rp2_common/pico_float/float_math.c.obj
LOAD CMakeFiles/robot.dir/home/parker/.pico-sdk/src/rp2_common/pico_float/float_v1_rom_shim_rp2040.S.obj
LOAD CMakeFiles/robot.dir/home/parker/.pico-sdk/src/rp2_common/pico_malloc/malloc.c.obj
LOAD CMakeFiles/robot.dir/home/parker/.pico-sdk/src/rp2_common/pico_mem_ops/mem_ops_aeabi.S.obj
LOAD CMakeFiles/robot.dir/home/parker/.pico-sdk/src/rp2_common/pico_atomic/atomic.c.obj
LOAD CMakeFiles/robot.dir/home/parker/.pico-sdk/src/rp2_common/pico_cxx_options/new_delete.cpp.obj
LOAD CMakeFiles/robot.dir/home/parker/.pico-sdk/src/rp2_common/pico_standard_binary_info/standard_binary_info.c.obj
LOAD CMakeFiles/robot.dir/home/parker/.pico-sdk/src/rp2_common/pico_printf/printf.c.obj
LOAD CMakeFiles/robot.dir/home/parker/.pico-sdk/src/rp2_common/pico_crt0/crt0.S.obj
LOAD CMakeFiles/robot.dir/home/parker/.pico-sdk/src/rp2_common/pico_clib_interface/newlib_interface.c.obj
LOAD CMakeFiles/robot.dir/home/parker/.pico-sdk/src/rp2_common/pico_stdio/stdio.c.obj
LOAD CMakeFiles/robot.dir/home/parker/.pico-sdk/src/rp2_common/pico_stdio_usb/reset_interface.c.obj
LOAD CMakeFiles/robot.dir/home/parker/.pico-sdk/src/rp2_common/pico_stdio_usb/stdio_usb.c.obj
LOAD CMakeFiles/robot.dir/home/parker/.pico-sdk/src/rp2_common/pico_stdio_usb/stdio_usb_descriptors.c.obj
LOAD CMakeFiles/robot.dir/home/parker/.pico-sdk/src/rp2_common/pico_unique_id/unique_id.c.obj
LOAD CMakeFiles/robot.dir/home/parker/.pico-sdk/src/rp2_common/hardware_flash/flash.c.obj
LOAD CMakeFiles/robot.dir/home/parker/.pico-sdk/lib/tinyusb/src/portable/raspberrypi/rp2040/dcd_rp2040.c.obj
LOAD CMakeFiles/robot.dir/home/parker/.pico-sdk/lib/tinyusb/src/portable/raspberrypi/rp2040/rp2040_usb.c.obj
LOAD CMakeFiles/robot.dir/home/parker/.pico-sdk/lib/tinyusb/src/device/usbd.c.obj
LOAD CMakeFiles/robot.dir/home/parker/.pico-sdk/lib/tinyusb/src/device/usbd_control.c.obj
LOAD CMakeFiles/robot.dir/home/parker/.pico-sdk/lib/tinyusb/src/class/audio/audio_device.c.obj
LOAD CMakeFiles/robot.dir/home/parker/.pico-sdk/lib/tinyusb/src/class/cdc/cdc_device.c.obj
LOAD CMakeFiles/robot.dir/home/parker/.pico-sdk/lib/tinyusb/src/class/dfu/dfu_device.c.obj
LOAD CMakeFiles/robot.dir/home/parker/.pico-sdk/lib/tinyusb/src/class/dfu/dfu_rt_device.c.obj
LOAD CMakeFiles/robot.dir/home/parker/.pico-sdk/lib/tinyusb/src/class/hid/hid_device.c.obj
LOAD CMakeFiles/robot.dir/home/parker/.pico-sdk/lib/tinyusb/src/class/midi/midi_device.c.obj
LOAD CMakeFiles/robot.dir/home/parker/.pico-sdk/lib/tinyusb/src/class/msc/msc_device.c.obj
LOAD CMakeFiles/robot.dir/home/parker/.pico-sdk/lib/tinyusb/src/class/net/ecm_rndis_device.c.obj
LOAD CMakeFiles/robot.dir/home/parker/.pico-sdk/lib/tinyusb/src/class/net/ncm_device.c.obj
LOAD CMakeFiles/robot.dir/home/parker/.pico-sdk/lib/tinyusb/src/class/usbtmc/usbtmc_device.c.obj
LOAD CMakeFiles/robot.dir/home/parker/.pico-sdk/lib/tinyusb/src/class/vendor/vendor_device.c.obj
LOAD CMakeFiles/robot.dir/home/parker/.pico-sdk/lib/tinyusb/src/class/video/video_device.c.obj
LOAD CMakeFiles/robot.dir/home/parker/.pico-sdk/lib/tinyusb/src/tusb.c.obj
LOAD CMakeFiles/robot.dir/home/parker/.pico-sdk/lib/tinyusb/src/common/tusb_fifo.c.obj
LOAD CMakeFiles/robot.dir/home/parker/.pico-sdk/src/rp2_common/pico_fix/rp2040_usb_device_enumeration/rp2040_usb_device_enumeration.c.obj
LOAD CMakeFiles/robot.dir/home/parker/.pico-sdk/src/rp2_common/hardware_spi/spi.c.obj
LOAD /tmp/cc2XDn9g.o
LOAD /usr/lib/gcc/arm-none-eabi/12.2.1/../../../arm-none-eabi/lib/thumb/v6-m/nofp/libstdc++.a
LOAD /usr/lib/gcc/arm-none-eabi/12.2.1/../../../arm-none-eabi/lib/thumb/v6-m/nofp/libm.a
START GROUP
LOAD /usr/lib/gcc/arm-none-eabi/12.2.1/thumb/v6-m/nofp/libgcc.a
LOAD /usr/lib/gcc/arm-none-eabi/12.2.1/../../../arm-none-eabi/lib/thumb/v6-m/nofp/libg.a
LOAD /usr/lib/gcc/arm-none-eabi/12.2.1/../../../arm-none-eabi/lib/thumb/v6-m/nofp/libc.a
END GROUP
START GROUP
LOAD /usr/lib/gcc/arm-none-eabi/12.2.1/thumb/v6-m/nofp/libgcc.a
LOAD /usr/lib/gcc/arm-none-eabi/12.2.1/../../../arm-none-eabi/lib/thumb/v6-m/nofp/libc.a
LOAD /usr/lib/gcc/arm-none-eabi/12.2.1/../../../arm-none-eabi/lib/thumb/v6-m/nofp/libnosys.a
END GROUP
LOAD /usr/lib/gcc/arm-none-eabi/12.2.1/thumb/v6-m/nofp/crtend.o
LOAD /usr/lib/gcc/arm-none-eabi/12.2.1/thumb/v6-m/nofp/crtn.o
OUTPUT(robot.elf elf32-littlearm)
LOAD linker stubs

.ARM.attributes
                0x00000000       0x28
 .ARM.attributes
                0x00000000       0x1e /usr/lib/gcc/arm-none-eabi/12.2.1/thumb/v6-m/nofp/crti.o
 .ARM.attributes
                0x0000001e       0x2c /usr/lib/gcc/arm-none-eabi/12.2.1/thumb/v6-m/nofp/crtbegin.o
 .ARM.attributes
                0x0000004a       0x2c CMakeFiles/robot.dir/src/main.c.obj
 .ARM.attributes
                0x00000076       0x2c CMakeFiles/robot.dir/src/spi.c.obj
 .ARM.attributes
                0x000000a2       0x2c CMakeFiles/robot.dir/src/accelerometer.c.obj
 .ARM.attributes
                0x000000ce       0x2c CMakeFiles/robot.dir/home/parker/.pico-sdk/src/rp2_common/hardware_gpio/gpio.c.obj
 .ARM.attributes
                0x000000fa       0x2c CMakeFiles/robot.dir/home/parker/.pico-sdk/src/rp2040/pico_platform/platform.c.obj
 .ARM.attributes
                0x00000126       0x2c CMakeFiles/robot.dir/home/parker/.pico-sdk/src/rp2_common/pico_platform_panic/panic.c.obj
 .ARM.attributes
                0x00000152       0x2c CMakeFiles/robot.dir/home/parker/.pico-sdk/src/common/hardware_claim/claim.c.obj
 .ARM.attributes
                0x0000017e       0x2c CMakeFiles/robot.dir/home/parker/.pico-sdk/src/rp2_common/hardware_sync/sync.c.obj
 .ARM.attributes
                0x000001aa       0x2c CMakeFiles/robot.dir/home/parker/.pico-sdk/src/rp2_common/hardware_sync_spin_lock/sync_spin_lock.c.obj
 .ARM.attributes
                0x000001d6       0x2c CMakeFiles/robot.dir/home/parker/.pico-sdk/src/rp2_common/hardware_irq/irq.c.obj
 .ARM.attributes
                0x00000202       0x22 CMakeFiles/robot.dir/home/parker/.pico-sdk/src/rp2_common/hardware_irq/irq_handler_chain.S.obj
 .ARM.attributes
                0x00000224       0x2c CMakeFiles/robot.dir/home/parker/.pico-sdk/src/common/pico_sync/lock_core.c.obj
 .ARM.attributes
                0x00000250       0x2c CMakeFiles/robot.dir/home/parker/.pico-sdk/src/common/pico_sync/mutex.c.obj
 .ARM.attributes
                0x0000027c       0x2c CMakeFiles/robot.dir/home/parker/.pico-sdk/src/common/pico_sync/critical_section.c.obj
 .ARM.attributes
                0x000002a8       0x2c CMakeFiles/robot.dir/home/parker/.pico-sdk/src/common/pico_time/time.c.obj
 .ARM.attributes
                0x000002d4       0x2c CMakeFiles/robot.dir/home/parker/.pico-sdk/src/rp2_common/hardware_timer/timer.c.obj
 .ARM.attributes
                0x00000300       0x2c CMakeFiles/robot.dir/home/parker/.pico-sdk/src/rp2_common/hardware_clocks/clocks.c.obj
 .ARM.attributes
                0x0000032c       0x2c CMakeFiles/robot.dir/home/parker/.pico-sdk/src/rp2_common/hardware_pll/pll.c.obj
 .ARM.attributes
                0x00000358       0x2c CMakeFiles/robot.dir/home/parker/.pico-sdk/src/rp2_common/hardware_watchdog/watchdog.c.obj
 .ARM.attributes
                0x00000384       0x2c CMakeFiles/robot.dir/home/parker/.pico-sdk/src/rp2_common/hardware_ticks/ticks.c.obj
 .ARM.attributes
                0x000003b0       0x2c CMakeFiles/robot.dir/home/parker/.pico-sdk/src/rp2_common/hardware_xosc/xosc.c.obj
 .ARM.attributes
                0x000003dc       0x2c CMakeFiles/robot.dir/home/parker/.pico-sdk/src/rp2_common/pico_runtime/runtime.c.obj
 .ARM.attributes
                0x00000408       0x2c CMakeFiles/robot.dir/home/parker/.pico-sdk/src/rp2_common/pico_runtime_init/runtime_init.c.obj
 .ARM.attributes
                0x00000434       0x2c CMakeFiles/robot.dir/home/parker/.pico-sdk/src/rp2_common/pico_runtime_init/runtime_init_clocks.c.obj
 .ARM.attributes
                0x00000460       0x22 CMakeFiles/robot.dir/home/parker/.pico-sdk/src/rp2_common/pico_bit_ops/bit_ops_aeabi.S.obj
 .ARM.attributes
                0x00000482       0x2c CMakeFiles/robot.dir/home/parker/.pico-sdk/src/rp2_common/pico_bootrom/bootrom.c.obj
 .ARM.attributes
                0x000004ae       0x22 CMakeFiles/robot.dir/home/parker/.pico-sdk/src/rp2_common/pico_divider/divider_hardware.S.obj
 .ARM.attributes
                0x000004d0       0x22 CMakeFiles/robot.dir/home/parker/.pico-sdk/src/rp2_common/pico_double/double_aeabi_rp2040.S.obj
 .ARM.attributes
                0x000004f2       0x2c CMakeFiles/robot.dir/home/parker/.pico-sdk/src/rp2_common/pico_double/double_init_rom_rp2040.c.obj
 .ARM.attributes
                0x0000051e       0x22 CMakeFiles/robot.dir/home/parker/.pico-sdk/src/rp2_common/pico_double/double_v1_rom_shim_rp2040.S.obj
 .ARM.attributes
                0x00000540       0x22 CMakeFiles/robot.dir/home/parker/.pico-sdk/src/rp2_common/pico_int64_ops/pico_int64_ops_aeabi.S.obj
 .ARM.attributes
                0x00000562       0x22 CMakeFiles/robot.dir/home/parker/.pico-sdk/src/rp2_common/pico_float/float_aeabi_rp2040.S.obj
 .ARM.attributes
                0x00000584       0x2c CMakeFiles/robot.dir/home/parker/.pico-sdk/src/rp2_common/pico_float/float_init_rom_rp2040.c.obj
 .ARM.attributes
                0x000005b0       0x22 CMakeFiles/robot.dir/home/parker/.pico-sdk/src/rp2_common/pico_mem_ops/mem_ops_aeabi.S.obj
 .ARM.attributes
                0x000005d2       0x2c CMakeFiles/robot.dir/home/parker/.pico-sdk/src/rp2_common/pico_standard_binary_info/standard_binary_info.c.obj
 .ARM.attributes
                0x000005fe       0x2c CMakeFiles/robot.dir/home/parker/.pico-sdk/src/rp2_common/pico_printf/printf.c.obj
 .ARM.attributes